ARM GAS  /tmp/ccFPxqXZ.s 			page 1


   1              		.cpu cortex-r8
   2              		.arch armv7-r
   3              		.fpu vfpv3-d16
   4              		.arch_extension idiv
   5              		.eabi_attribute 28, 1
   6              		.eabi_attribute 20, 1
   7              		.eabi_attribute 21, 1
   8              		.eabi_attribute 23, 3
   9              		.eabi_attribute 24, 1
  10              		.eabi_attribute 25, 1
  11              		.eabi_attribute 26, 1
  12              		.eabi_attribute 30, 2
  13              		.eabi_attribute 34, 1
  14              		.eabi_attribute 18, 4
  15              		.file	"chcore.c"
  16              		.text
  17              	.Ltext0:
  18              		.cfi_sections	.debug_frame
  19              		.file 1 "../../../os/common/ports/ARMv7-R/chcore.c"
  20              		.section	.text.__port_irq_dispatch,"ax",%progbits
  21              		.align	2
  22              		.p2align 4,,15
  23              		.weak	__port_irq_dispatch
  24              		.syntax unified
  25              		.arm
  26              		.type	__port_irq_dispatch, %function
  27              	__port_irq_dispatch:
  28              	.LFB207:
  29              		.loc 1 113 40 view -0
  30              		.cfi_startproc
  31              		@ args = 0, pretend = 0, frame = 0
  32              		@ frame_needed = 0, uses_anonymous_args = 0
  33              		@ link register save eliminated.
  34              		.loc 1 115 3 view .LVU1
  35              		.loc 1 116 1 is_stmt 0 view .LVU2
  36 0000 0000A0E3 		mov	r0, #0
  37 0004 1EFF2FE1 		bx	lr
  38              		.cfi_endproc
  39              	.LFE207:
  40              		.size	__port_irq_dispatch, .-__port_irq_dispatch
  41              		.text
  42              	.Letext0:
  43              		.section	.debug_info,"",%progbits
  44              	.Ldebug_info0:
  45 0000 94000000 		.4byte	0x94
  46 0004 0500     		.2byte	0x5
  47 0006 01       		.byte	0x1
  48 0007 04       		.byte	0x4
  49 0008 00000000 		.4byte	.Ldebug_abbrev0
  50 000c 02       		.uleb128 0x2
  51 000d 0E000000 		.4byte	.LASF12
  52 0011 1D       		.byte	0x1d
  53 0012 DA010000 		.4byte	.LASF13
  54 0016 6C010000 		.4byte	.LASF14
  55 001a 0C000000 		.4byte	.LLRL0
  56 001e 00000000 		.4byte	0
  57 0022 00000000 		.4byte	.Ldebug_line0
ARM GAS  /tmp/ccFPxqXZ.s 			page 2


  58 0026 03       		.uleb128 0x3
  59 0027 04       		.byte	0x4
  60 0028 05       		.byte	0x5
  61 0029 696E7400 		.ascii	"int\000"
  62 002d 01       		.uleb128 0x1
  63 002e 04       		.byte	0x4
  64 002f 07       		.byte	0x7
  65 0030 ED000000 		.4byte	.LASF0
  66 0034 01       		.uleb128 0x1
  67 0035 08       		.byte	0x8
  68 0036 05       		.byte	0x5
  69 0037 00000000 		.4byte	.LASF1
  70 003b 01       		.uleb128 0x1
  71 003c 08       		.byte	0x8
  72 003d 04       		.byte	0x4
  73 003e CE010000 		.4byte	.LASF2
  74 0042 01       		.uleb128 0x1
  75 0043 01       		.byte	0x1
  76 0044 06       		.byte	0x6
  77 0045 C2010000 		.4byte	.LASF3
  78 0049 01       		.uleb128 0x1
  79 004a 01       		.byte	0x1
  80 004b 08       		.byte	0x8
  81 004c 4A010000 		.4byte	.LASF4
  82 0050 01       		.uleb128 0x1
  83 0051 02       		.byte	0x2
  84 0052 05       		.byte	0x5
  85 0053 04020000 		.4byte	.LASF5
  86 0057 01       		.uleb128 0x1
  87 0058 02       		.byte	0x2
  88 0059 07       		.byte	0x7
  89 005a 23010000 		.4byte	.LASF6
  90 005e 01       		.uleb128 0x1
  91 005f 04       		.byte	0x4
  92 0060 05       		.byte	0x5
  93 0061 5D010000 		.4byte	.LASF7
  94 0065 01       		.uleb128 0x1
  95 0066 04       		.byte	0x4
  96 0067 07       		.byte	0x7
  97 0068 FA000000 		.4byte	.LASF8
  98 006c 01       		.uleb128 0x1
  99 006d 08       		.byte	0x8
 100 006e 07       		.byte	0x7
 101 006f 0C010000 		.4byte	.LASF9
 102 0073 01       		.uleb128 0x1
 103 0074 01       		.byte	0x1
 104 0075 08       		.byte	0x8
 105 0076 58010000 		.4byte	.LASF10
 106 007a 01       		.uleb128 0x1
 107 007b 01       		.byte	0x1
 108 007c 02       		.byte	0x2
 109 007d 66010000 		.4byte	.LASF11
 110 0081 04       		.uleb128 0x4
 111 0082 36010000 		.4byte	.LASF15
 112 0086 01       		.byte	0x1
 113 0087 71       		.byte	0x71
 114 0088 0E       		.byte	0xe
ARM GAS  /tmp/ccFPxqXZ.s 			page 3


 115 0089 7A000000 		.4byte	0x7a
 116 008d 00000000 		.4byte	.LFB207
 117 0091 08000000 		.4byte	.LFE207-.LFB207
 118 0095 01       		.uleb128 0x1
 119 0096 9C       		.byte	0x9c
 120 0097 00       		.byte	0
 121              		.section	.debug_abbrev,"",%progbits
 122              	.Ldebug_abbrev0:
 123 0000 01       		.uleb128 0x1
 124 0001 24       		.uleb128 0x24
 125 0002 00       		.byte	0
 126 0003 0B       		.uleb128 0xb
 127 0004 0B       		.uleb128 0xb
 128 0005 3E       		.uleb128 0x3e
 129 0006 0B       		.uleb128 0xb
 130 0007 03       		.uleb128 0x3
 131 0008 0E       		.uleb128 0xe
 132 0009 00       		.byte	0
 133 000a 00       		.byte	0
 134 000b 02       		.uleb128 0x2
 135 000c 11       		.uleb128 0x11
 136 000d 01       		.byte	0x1
 137 000e 25       		.uleb128 0x25
 138 000f 0E       		.uleb128 0xe
 139 0010 13       		.uleb128 0x13
 140 0011 0B       		.uleb128 0xb
 141 0012 03       		.uleb128 0x3
 142 0013 0E       		.uleb128 0xe
 143 0014 1B       		.uleb128 0x1b
 144 0015 0E       		.uleb128 0xe
 145 0016 55       		.uleb128 0x55
 146 0017 17       		.uleb128 0x17
 147 0018 11       		.uleb128 0x11
 148 0019 01       		.uleb128 0x1
 149 001a 10       		.uleb128 0x10
 150 001b 17       		.uleb128 0x17
 151 001c 00       		.byte	0
 152 001d 00       		.byte	0
 153 001e 03       		.uleb128 0x3
 154 001f 24       		.uleb128 0x24
 155 0020 00       		.byte	0
 156 0021 0B       		.uleb128 0xb
 157 0022 0B       		.uleb128 0xb
 158 0023 3E       		.uleb128 0x3e
 159 0024 0B       		.uleb128 0xb
 160 0025 03       		.uleb128 0x3
 161 0026 08       		.uleb128 0x8
 162 0027 00       		.byte	0
 163 0028 00       		.byte	0
 164 0029 04       		.uleb128 0x4
 165 002a 2E       		.uleb128 0x2e
 166 002b 00       		.byte	0
 167 002c 3F       		.uleb128 0x3f
 168 002d 19       		.uleb128 0x19
 169 002e 03       		.uleb128 0x3
 170 002f 0E       		.uleb128 0xe
 171 0030 3A       		.uleb128 0x3a
ARM GAS  /tmp/ccFPxqXZ.s 			page 4


 172 0031 0B       		.uleb128 0xb
 173 0032 3B       		.uleb128 0x3b
 174 0033 0B       		.uleb128 0xb
 175 0034 39       		.uleb128 0x39
 176 0035 0B       		.uleb128 0xb
 177 0036 27       		.uleb128 0x27
 178 0037 19       		.uleb128 0x19
 179 0038 49       		.uleb128 0x49
 180 0039 13       		.uleb128 0x13
 181 003a 11       		.uleb128 0x11
 182 003b 01       		.uleb128 0x1
 183 003c 12       		.uleb128 0x12
 184 003d 06       		.uleb128 0x6
 185 003e 40       		.uleb128 0x40
 186 003f 18       		.uleb128 0x18
 187 0040 7A       		.uleb128 0x7a
 188 0041 19       		.uleb128 0x19
 189 0042 00       		.byte	0
 190 0043 00       		.byte	0
 191 0044 00       		.byte	0
 192              		.section	.debug_aranges,"",%progbits
 193 0000 1C000000 		.4byte	0x1c
 194 0004 0200     		.2byte	0x2
 195 0006 00000000 		.4byte	.Ldebug_info0
 196 000a 04       		.byte	0x4
 197 000b 00       		.byte	0
 198 000c 0000     		.2byte	0
 199 000e 0000     		.2byte	0
 200 0010 00000000 		.4byte	.LFB207
 201 0014 08000000 		.4byte	.LFE207-.LFB207
 202 0018 00000000 		.4byte	0
 203 001c 00000000 		.4byte	0
 204              		.section	.debug_rnglists,"",%progbits
 205              	.Ldebug_ranges0:
 206 0000 0F000000 		.4byte	.Ldebug_ranges3-.Ldebug_ranges2
 207              	.Ldebug_ranges2:
 208 0004 0500     		.2byte	0x5
 209 0006 04       		.byte	0x4
 210 0007 00       		.byte	0
 211 0008 00000000 		.4byte	0
 212              	.LLRL0:
 213 000c 07       		.byte	0x7
 214 000d 00000000 		.4byte	.LFB207
 215 0011 08       		.uleb128 .LFE207-.LFB207
 216 0012 00       		.byte	0
 217              	.Ldebug_ranges3:
 218              		.section	.debug_line,"",%progbits
 219              	.Ldebug_line0:
 220 0000 5F000000 		.section	.debug_str,"MS",%progbits,1
 220      03004000 
 220      00000201 
 220      FB0E0D00 
 220      01010101 
 221              	.LASF1:
 222 0000 6C6F6E67 		.ascii	"long long int\000"
 222      206C6F6E 
 222      6720696E 
ARM GAS  /tmp/ccFPxqXZ.s 			page 5


 222      7400
 223              	.LASF12:
 224 000e 474E5520 		.ascii	"GNU C17 13.3.1 20240614 -mcpu=cortex-r8 -mfloat-abi"
 224      43313720 
 224      31332E33 
 224      2E312032 
 224      30323430 
 225 0041 3D686172 		.ascii	"=hard -mfpu=vfpv3-d16 -mno-thumb-interwork -marm -m"
 225      64202D6D 
 225      6670753D 
 225      76667076 
 225      332D6431 
 226 0074 61726368 		.ascii	"arch=armv7-r+fp+idiv -ggdb -O2 -fomit-frame-pointer"
 226      3D61726D 
 226      76372D72 
 226      2B66702B 
 226      69646976 
 227 00a7 202D6661 		.ascii	" -falign-functions=16 -ffunction-sections -fdata-se"
 227      6C69676E 
 227      2D66756E 
 227      6374696F 
 227      6E733D31 
 228 00da 6374696F 		.ascii	"ctions -fno-common\000"
 228      6E73202D 
 228      666E6F2D 
 228      636F6D6D 
 228      6F6E00
 229              	.LASF0:
 230 00ed 756E7369 		.ascii	"unsigned int\000"
 230      676E6564 
 230      20696E74 
 230      00
 231              	.LASF8:
 232 00fa 6C6F6E67 		.ascii	"long unsigned int\000"
 232      20756E73 
 232      69676E65 
 232      6420696E 
 232      7400
 233              	.LASF9:
 234 010c 6C6F6E67 		.ascii	"long long unsigned int\000"
 234      206C6F6E 
 234      6720756E 
 234      7369676E 
 234      65642069 
 235              	.LASF6:
 236 0123 73686F72 		.ascii	"short unsigned int\000"
 236      7420756E 
 236      7369676E 
 236      65642069 
 236      6E7400
 237              	.LASF15:
 238 0136 5F5F706F 		.ascii	"__port_irq_dispatch\000"
 238      72745F69 
 238      72715F64 
 238      69737061 
 238      74636800 
 239              	.LASF4:
ARM GAS  /tmp/ccFPxqXZ.s 			page 6


 240 014a 756E7369 		.ascii	"unsigned char\000"
 240      676E6564 
 240      20636861 
 240      7200
 241              	.LASF10:
 242 0158 63686172 		.ascii	"char\000"
 242      00
 243              	.LASF7:
 244 015d 6C6F6E67 		.ascii	"long int\000"
 244      20696E74 
 244      00
 245              	.LASF11:
 246 0166 5F426F6F 		.ascii	"_Bool\000"
 246      6C00
 247              	.LASF14:
 248 016c 2F686F6D 		.ascii	"/home/emirhan/Documents/gemstone/chibiOS-port/Chibi"
 248      652F656D 
 248      69726861 
 248      6E2F446F 
 248      63756D65 
 249 019f 4F532F64 		.ascii	"OS/demos/various/RT-ARMCR8-GENERIC\000"
 249      656D6F73 
 249      2F766172 
 249      696F7573 
 249      2F52542D 
 250              	.LASF3:
 251 01c2 7369676E 		.ascii	"signed char\000"
 251      65642063 
 251      68617200 
 252              	.LASF2:
 253 01ce 6C6F6E67 		.ascii	"long double\000"
 253      20646F75 
 253      626C6500 
 254              	.LASF13:
 255 01da 2E2E2F2E 		.ascii	"../../../os/common/ports/ARMv7-R/chcore.c\000"
 255      2E2F2E2E 
 255      2F6F732F 
 255      636F6D6D 
 255      6F6E2F70 
 256              	.LASF5:
 257 0204 73686F72 		.ascii	"short int\000"
 257      7420696E 
 257      7400
 258              		.ident	"GCC: (Arm GNU Toolchain 13.3.Rel1 (Build arm-13.24)) 13.3.1 20240614"
ARM GAS  /tmp/ccFPxqXZ.s 			page 7


DEFINED SYMBOLS
                            *ABS*:00000000 chcore.c
     /tmp/ccFPxqXZ.s:21     .text.__port_irq_dispatch:00000000 $a
     /tmp/ccFPxqXZ.s:27     .text.__port_irq_dispatch:00000000 __port_irq_dispatch

NO UNDEFINED SYMBOLS
