ARM GAS  /tmp/cc2UzfIc.s 			page 1


   1              		.cpu cortex-r8
   2              		.arch armv7-r
   3              		.fpu vfpv3-d16
   4              		.arch_extension idiv
   5              		.eabi_attribute 28, 1
   6              		.eabi_attribute 20, 1
   7              		.eabi_attribute 21, 1
   8              		.eabi_attribute 23, 3
   9              		.eabi_attribute 24, 1
  10              		.eabi_attribute 25, 1
  11              		.eabi_attribute 26, 1
  12              		.eabi_attribute 30, 2
  13              		.eabi_attribute 34, 1
  14              		.eabi_attribute 18, 4
  15              		.file	"chsafety.c"
  16              		.text
  17              	.Ltext0:
  18              		.cfi_sections	.debug_frame
  19              		.file 1 "../../../os/rt/src/chsafety.c"
  20              		.section	.text.chSftIntegrityCheckI,"ax",%progbits
  21              		.align	2
  22              		.p2align 4,,15
  23              		.global	chSftIntegrityCheckI
  24              		.syntax unified
  25              		.arm
  26              		.type	chSftIntegrityCheckI, %function
  27              	chSftIntegrityCheckI:
  28              	.LVL0:
  29              	.LFB207:
  30              		.loc 1 153 46 view -0
  31              		.cfi_startproc
  32              		@ args = 0, pretend = 0, frame = 0
  33              		@ frame_needed = 0, uses_anonymous_args = 0
  34              		.loc 1 154 3 view .LVU1
  35              		.loc 1 156 21 view .LVU2
  36              		.loc 1 159 3 view .LVU3
  37              		.loc 1 159 6 is_stmt 0 view .LVU4
  38 0000 010010E3 		tst	r0, #1
  39              		.loc 1 153 46 view .LVU5
  40 0004 70402DE9 		push	{r4, r5, r6, lr}
  41              		.cfi_def_cfa_offset 16
  42              		.cfi_offset 4, -16
  43              		.cfi_offset 5, -12
  44              		.cfi_offset 6, -8
  45              		.cfi_offset 14, -4
  46              		.loc 1 153 46 view .LVU6
  47 0008 0060A0E1 		mov	r6, r0
  48              		.loc 1 159 6 view .LVU7
  49 000c 0900000A 		beq	.L2
  50              	.LBB14:
  51              		.loc 1 162 26 view .LVU8
  52 0010 005000E3 		movw	r5, #:lower16:ch0
  53 0014 005040E3 		movt	r5, #:upper16:ch0
  54 0018 0540A0E1 		mov	r4, r5
  55              	.LVL1:
  56              	.L4:
  57              		.loc 1 163 5 is_stmt 1 view .LVU9
ARM GAS  /tmp/cc2UzfIc.s 			page 2


  58              	.LBB15:
  59              		.loc 1 164 7 view .LVU10
  60              		.loc 1 167 7 view .LVU11
  61 001c 0430A0E1 		mov	r3, r4
  62              		.loc 1 167 12 is_stmt 0 view .LVU12
  63 0020 004094E5 		ldr	r4, [r4]
  64              	.LVL2:
  65              		.loc 1 168 7 is_stmt 1 view .LVU13
  66              		.loc 1 169 7 view .LVU14
  67              		.loc 1 169 7 view .LVU15
  68              		.loc 1 169 7 discriminator 1 view .LVU16
  69 0024 042094E5 		ldr	r2, [r4, #4]
  70 0028 030052E1 		cmp	r2, r3
  71 002c 2200001A 		bne	.L25
  72              	.LVL3:
  73              	.L3:
  74              		.loc 1 169 7 discriminator 5 view .LVU17
  75              		.loc 1 169 7 discriminator 5 view .LVU18
  76              		.loc 1 170 7 view .LVU19
  77              		.loc 1 170 7 is_stmt 0 view .LVU20
  78              	.LBE15:
  79              		.loc 1 171 22 is_stmt 1 view .LVU21
  80 0030 050054E1 		cmp	r4, r5
  81 0034 F8FFFF1A 		bne	.L4
  82              	.LVL4:
  83              	.L2:
  84              		.loc 1 171 22 is_stmt 0 view .LVU22
  85              	.LBE14:
  86              		.loc 1 175 3 is_stmt 1 view .LVU23
  87              		.loc 1 175 6 is_stmt 0 view .LVU24
  88 0038 020016E3 		tst	r6, #2
  89 003c 0800000A 		beq	.L5
  90              	.LBB17:
  91              		.loc 1 178 22 view .LVU25
  92 0040 84509FE5 		ldr	r5, .L27
  93 0044 0540A0E1 		mov	r4, r5
  94              	.L7:
  95              	.LVL5:
  96              		.loc 1 179 5 is_stmt 1 view .LVU26
  97              	.LBB18:
  98              		.loc 1 180 7 view .LVU27
  99              		.loc 1 183 7 view .LVU28
 100 0048 0430A0E1 		mov	r3, r4
 101              		.loc 1 183 12 is_stmt 0 view .LVU29
 102 004c 004094E5 		ldr	r4, [r4]
 103              	.LVL6:
 104              		.loc 1 184 7 is_stmt 1 view .LVU30
 105              		.loc 1 185 7 view .LVU31
 106              		.loc 1 185 7 view .LVU32
 107              		.loc 1 185 7 discriminator 1 view .LVU33
 108 0050 042094E5 		ldr	r2, [r4, #4]
 109 0054 030052E1 		cmp	r2, r3
 110 0058 1300001A 		bne	.L26
 111              	.LVL7:
 112              	.L6:
 113              		.loc 1 185 7 discriminator 5 view .LVU34
 114              		.loc 1 185 7 discriminator 5 view .LVU35
ARM GAS  /tmp/cc2UzfIc.s 			page 3


 115              		.loc 1 186 7 view .LVU36
 116              		.loc 1 186 7 is_stmt 0 view .LVU37
 117              	.LBE18:
 118              		.loc 1 187 22 is_stmt 1 view .LVU38
 119 005c 050054E1 		cmp	r4, r5
 120 0060 F8FFFF1A 		bne	.L7
 121              	.LVL8:
 122              	.L5:
 123              		.loc 1 187 22 is_stmt 0 view .LVU39
 124              	.LBE17:
 125              		.loc 1 191 3 is_stmt 1 view .LVU40
 126              		.loc 1 191 6 is_stmt 0 view .LVU41
 127 0064 040016E3 		tst	r6, #4
 128 0068 7080BD08 		popeq	{r4, r5, r6, pc}
 129              	.LBB20:
 130              		.loc 1 194 17 view .LVU42
 131 006c 5C509FE5 		ldr	r5, .L27+4
 132 0070 0540A0E1 		mov	r4, r5
 133 0074 010000EA 		b	.L10
 134              	.LVL9:
 135              	.L9:
 136              	.LBB21:
 137              		.loc 1 201 7 is_stmt 1 discriminator 5 view .LVU43
 138              		.loc 1 201 7 discriminator 5 view .LVU44
 139              		.loc 1 202 7 view .LVU45
 140              		.loc 1 202 7 is_stmt 0 view .LVU46
 141              	.LBE21:
 142              		.loc 1 203 22 is_stmt 1 view .LVU47
 143 0078 050054E1 		cmp	r4, r5
 144 007c 7080BD08 		popeq	{r4, r5, r6, pc}
 145              	.LVL10:
 146              	.L10:
 147              		.loc 1 195 5 view .LVU48
 148              	.LBB22:
 149              		.loc 1 196 7 view .LVU49
 150              		.loc 1 199 7 view .LVU50
 151 0080 0430A0E1 		mov	r3, r4
 152              		.loc 1 199 12 is_stmt 0 view .LVU51
 153 0084 004094E5 		ldr	r4, [r4]
 154              	.LVL11:
 155              		.loc 1 200 7 is_stmt 1 view .LVU52
 156              		.loc 1 201 7 view .LVU53
 157              		.loc 1 201 7 view .LVU54
 158              		.loc 1 201 7 discriminator 1 view .LVU55
 159 0088 042094E5 		ldr	r2, [r4, #4]
 160 008c 030052E1 		cmp	r2, r3
 161 0090 F8FFFF0A 		beq	.L9
 162              		.loc 1 201 7 discriminator 3 view .LVU56
 163              		.loc 1 201 7 discriminator 3 view .LVU57
 164 0094 000000E3 		movw	r0, #:lower16:__func__.1
 165 0098 000040E3 		movt	r0, #:upper16:__func__.1
 166 009c FEFFFFEB 		bl	chSysHalt
 167              	.LVL12:
 168              		.loc 1 201 7 discriminator 5 view .LVU58
 169              		.loc 1 201 7 discriminator 5 view .LVU59
 170              		.loc 1 202 7 view .LVU60
 171              		.loc 1 202 7 is_stmt 0 view .LVU61
ARM GAS  /tmp/cc2UzfIc.s 			page 4


 172              	.LBE22:
 173              		.loc 1 203 22 is_stmt 1 view .LVU62
 174 00a0 050054E1 		cmp	r4, r5
 175 00a4 F5FFFF1A 		bne	.L10
 176 00a8 7080BDE8 		pop	{r4, r5, r6, pc}
 177              	.LVL13:
 178              	.L26:
 179              		.loc 1 203 22 is_stmt 0 view .LVU63
 180              	.LBE20:
 181              	.LBB23:
 182              	.LBB19:
 183              		.loc 1 185 7 is_stmt 1 discriminator 3 view .LVU64
 184              		.loc 1 185 7 discriminator 3 view .LVU65
 185 00ac 000000E3 		movw	r0, #:lower16:__func__.1
 186 00b0 000040E3 		movt	r0, #:upper16:__func__.1
 187 00b4 FEFFFFEB 		bl	chSysHalt
 188              	.LVL14:
 189              		.loc 1 185 7 is_stmt 0 discriminator 3 view .LVU66
 190 00b8 E7FFFFEA 		b	.L6
 191              	.LVL15:
 192              	.L25:
 193              		.loc 1 185 7 discriminator 3 view .LVU67
 194              	.LBE19:
 195              	.LBE23:
 196              	.LBB24:
 197              	.LBB16:
 198              		.loc 1 169 7 is_stmt 1 discriminator 3 view .LVU68
 199              		.loc 1 169 7 discriminator 3 view .LVU69
 200 00bc 000000E3 		movw	r0, #:lower16:__func__.1
 201 00c0 000040E3 		movt	r0, #:upper16:__func__.1
 202 00c4 FEFFFFEB 		bl	chSysHalt
 203              	.LVL16:
 204              		.loc 1 169 7 is_stmt 0 discriminator 3 view .LVU70
 205 00c8 D8FFFFEA 		b	.L3
 206              	.L28:
 207              		.align	2
 208              	.L27:
 209 00cc 10000000 		.word	ch0+16
 210 00d0 28000000 		.word	ch0+40
 211              	.LBE16:
 212              	.LBE24:
 213              		.cfi_endproc
 214              	.LFE207:
 215              		.size	chSftIntegrityCheckI, .-chSftIntegrityCheckI
 216              		.section	.rodata.__func__.1,"a"
 217              		.align	2
 218              		.type	__func__.1, %object
 219              		.size	__func__.1, 21
 220              	__func__.1:
 221 0000 63685366 		.ascii	"chSftIntegrityCheckI\000"
 221      74496E74 
 221      65677269 
 221      74794368 
 221      65636B49 
 222              		.text
 223              	.Letext0:
 224              		.file 2 "/home/emirhan/Documents/gemstone/chibiOS-port/tools/arm-gnu-toolchain-13.3.rel1-x86_64-ar
ARM GAS  /tmp/cc2UzfIc.s 			page 5


 225              		.file 3 "/home/emirhan/Documents/gemstone/chibiOS-port/tools/arm-gnu-toolchain-13.3.rel1-x86_64-ar
 226              		.file 4 "../../../os/common/ports/ARM-common/include/chtypes.h"
 227              		.file 5 "../../../os/rt/include/chearly.h"
 228              		.file 6 "../../../os/rt/include/chobjects.h"
 229              		.file 7 "../../../os/rt/include/chrfcu.h"
 230              		.file 8 "../../../os/rt/include/chdebug.h"
 231              		.file 9 "../../../os/rt/include/chtime.h"
 232              		.file 10 "../../../os/common/ports/ARMv7-R/chcore.h"
 233              		.file 11 "../../../os/rt/include/chlists.h"
 234              		.file 12 "../../../os/rt/include/chsem.h"
 235              		.file 13 "../../../os/rt/include/chmtx.h"
 236              		.file 14 "../../../os/rt/include/chsafety.h"
 237              		.file 15 "../../../os/rt/include/chsys.h"
 238              		.section	.debug_info,"",%progbits
 239              	.Ldebug_info0:
 240 0000 47090000 		.4byte	0x947
 241 0004 0500     		.2byte	0x5
 242 0006 01       		.byte	0x1
 243 0007 04       		.byte	0x4
 244 0008 00000000 		.4byte	.Ldebug_abbrev0
 245 000c 19       		.uleb128 0x19
 246 000d 7A030000 		.4byte	.LASF116
 247 0011 1D       		.byte	0x1d
 248 0012 11010000 		.4byte	.LASF117
 249 0016 4B050000 		.4byte	.LASF118
 250 001a 4C000000 		.4byte	.LLRL12
 251 001e 00000000 		.4byte	0
 252 0022 00000000 		.4byte	.Ldebug_line0
 253 0026 1A       		.uleb128 0x1a
 254 0027 04       		.byte	0x4
 255 0028 05       		.byte	0x5
 256 0029 696E7400 		.ascii	"int\000"
 257 002d 06       		.uleb128 0x6
 258 002e 04       		.byte	0x4
 259 002f 07       		.byte	0x7
 260 0030 61000000 		.4byte	.LASF0
 261 0034 06       		.uleb128 0x6
 262 0035 08       		.byte	0x8
 263 0036 05       		.byte	0x5
 264 0037 A2020000 		.4byte	.LASF1
 265 003b 06       		.uleb128 0x6
 266 003c 08       		.byte	0x8
 267 003d 04       		.byte	0x4
 268 003e 32030000 		.4byte	.LASF2
 269 0042 06       		.uleb128 0x6
 270 0043 01       		.byte	0x1
 271 0044 06       		.byte	0x6
 272 0045 D8050000 		.4byte	.LASF3
 273 0049 01       		.uleb128 0x1
 274 004a 95040000 		.4byte	.LASF7
 275 004e 02       		.byte	0x2
 276 004f 2B       		.byte	0x2b
 277 0050 18       		.byte	0x18
 278 0051 55000000 		.4byte	0x55
 279 0055 06       		.uleb128 0x6
 280 0056 01       		.byte	0x1
 281 0057 08       		.byte	0x8
ARM GAS  /tmp/cc2UzfIc.s 			page 6


 282 0058 14050000 		.4byte	.LASF4
 283 005c 06       		.uleb128 0x6
 284 005d 02       		.byte	0x2
 285 005e 05       		.byte	0x5
 286 005f 5B030000 		.4byte	.LASF5
 287 0063 06       		.uleb128 0x6
 288 0064 02       		.byte	0x2
 289 0065 07       		.byte	0x7
 290 0066 04060000 		.4byte	.LASF6
 291 006a 01       		.uleb128 0x1
 292 006b 7B000000 		.4byte	.LASF8
 293 006f 02       		.byte	0x2
 294 0070 4D       		.byte	0x4d
 295 0071 18       		.byte	0x18
 296 0072 76000000 		.4byte	0x76
 297 0076 06       		.uleb128 0x6
 298 0077 04       		.byte	0x4
 299 0078 05       		.byte	0x5
 300 0079 65030000 		.4byte	.LASF9
 301 007d 01       		.uleb128 0x1
 302 007e 22050000 		.4byte	.LASF10
 303 0082 02       		.byte	0x2
 304 0083 4F       		.byte	0x4f
 305 0084 19       		.byte	0x19
 306 0085 89000000 		.4byte	0x89
 307 0089 06       		.uleb128 0x6
 308 008a 04       		.byte	0x4
 309 008b 07       		.byte	0x7
 310 008c B6040000 		.4byte	.LASF11
 311 0090 01       		.uleb128 0x1
 312 0091 F9010000 		.4byte	.LASF12
 313 0095 02       		.byte	0x2
 314 0096 69       		.byte	0x69
 315 0097 19       		.byte	0x19
 316 0098 9C000000 		.4byte	0x9c
 317 009c 06       		.uleb128 0x6
 318 009d 08       		.byte	0x8
 319 009e 07       		.byte	0x7
 320 009f 5F010000 		.4byte	.LASF13
 321 00a3 01       		.uleb128 0x1
 322 00a4 48030000 		.4byte	.LASF14
 323 00a8 02       		.byte	0x2
 324 00a9 E8       		.byte	0xe8
 325 00aa 1A       		.byte	0x1a
 326 00ab 2D000000 		.4byte	0x2d
 327 00af 01       		.uleb128 0x1
 328 00b0 63020000 		.4byte	.LASF15
 329 00b4 03       		.byte	0x3
 330 00b5 18       		.byte	0x18
 331 00b6 13       		.byte	0x13
 332 00b7 49000000 		.4byte	0x49
 333 00bb 01       		.uleb128 0x1
 334 00bc DB040000 		.4byte	.LASF16
 335 00c0 03       		.byte	0x3
 336 00c1 2C       		.byte	0x2c
 337 00c2 13       		.byte	0x13
 338 00c3 6A000000 		.4byte	0x6a
ARM GAS  /tmp/cc2UzfIc.s 			page 7


 339 00c7 01       		.uleb128 0x1
 340 00c8 F4000000 		.4byte	.LASF17
 341 00cc 03       		.byte	0x3
 342 00cd 30       		.byte	0x30
 343 00ce 14       		.byte	0x14
 344 00cf 7D000000 		.4byte	0x7d
 345 00d3 01       		.uleb128 0x1
 346 00d4 86040000 		.4byte	.LASF18
 347 00d8 03       		.byte	0x3
 348 00d9 3C       		.byte	0x3c
 349 00da 14       		.byte	0x14
 350 00db 90000000 		.4byte	0x90
 351 00df 0C       		.uleb128 0xc
 352 00e0 D3000000 		.4byte	0xd3
 353 00e4 01       		.uleb128 0x1
 354 00e5 A4040000 		.4byte	.LASF19
 355 00e9 03       		.byte	0x3
 356 00ea 52       		.byte	0x52
 357 00eb 15       		.byte	0x15
 358 00ec A3000000 		.4byte	0xa3
 359 00f0 01       		.uleb128 0x1
 360 00f1 1B000000 		.4byte	.LASF20
 361 00f5 04       		.byte	0x4
 362 00f6 47       		.byte	0x47
 363 00f7 1D       		.byte	0x1d
 364 00f8 D3000000 		.4byte	0xd3
 365 00fc 01       		.uleb128 0x1
 366 00fd 83010000 		.4byte	.LASF21
 367 0101 05       		.byte	0x5
 368 0102 4F       		.byte	0x4f
 369 0103 19       		.byte	0x19
 370 0104 F0000000 		.4byte	0xf0
 371 0108 01       		.uleb128 0x1
 372 0109 17030000 		.4byte	.LASF22
 373 010d 05       		.byte	0x5
 374 010e 52       		.byte	0x52
 375 010f 19       		.byte	0x19
 376 0110 AF000000 		.4byte	0xaf
 377 0114 01       		.uleb128 0x1
 378 0115 53020000 		.4byte	.LASF23
 379 0119 05       		.byte	0x5
 380 011a 53       		.byte	0x53
 381 011b 19       		.byte	0x19
 382 011c AF000000 		.4byte	0xaf
 383 0120 01       		.uleb128 0x1
 384 0121 AE040000 		.4byte	.LASF24
 385 0125 05       		.byte	0x5
 386 0126 54       		.byte	0x54
 387 0127 19       		.byte	0x19
 388 0128 AF000000 		.4byte	0xaf
 389 012c 01       		.uleb128 0x1
 390 012d 3C010000 		.4byte	.LASF25
 391 0131 05       		.byte	0x5
 392 0132 56       		.byte	0x56
 393 0133 19       		.byte	0x19
 394 0134 C7000000 		.4byte	0xc7
 395 0138 01       		.uleb128 0x1
ARM GAS  /tmp/cc2UzfIc.s 			page 8


 396 0139 B0020000 		.4byte	.LASF26
 397 013d 05       		.byte	0x5
 398 013e 57       		.byte	0x57
 399 013f 19       		.byte	0x19
 400 0140 BB000000 		.4byte	0xbb
 401 0144 01       		.uleb128 0x1
 402 0145 05010000 		.4byte	.LASF27
 403 0149 05       		.byte	0x5
 404 014a 59       		.byte	0x59
 405 014b 19       		.byte	0x19
 406 014c C7000000 		.4byte	0xc7
 407 0150 01       		.uleb128 0x1
 408 0151 7D010000 		.4byte	.LASF28
 409 0155 05       		.byte	0x5
 410 0156 5B       		.byte	0x5b
 411 0157 19       		.byte	0x19
 412 0158 BB000000 		.4byte	0xbb
 413 015c 01       		.uleb128 0x1
 414 015d 31060000 		.4byte	.LASF29
 415 0161 05       		.byte	0x5
 416 0162 7F       		.byte	0x7f
 417 0163 12       		.byte	0x12
 418 0164 2D000000 		.4byte	0x2d
 419 0168 01       		.uleb128 0x1
 420 0169 B7010000 		.4byte	.LASF30
 421 016d 05       		.byte	0x5
 422 016e 84       		.byte	0x84
 423 016f 1A       		.byte	0x1a
 424 0170 74010000 		.4byte	0x174
 425 0174 07       		.uleb128 0x7
 426 0175 74020000 		.4byte	.LASF48
 427 0179 54       		.byte	0x54
 428 017a 06       		.byte	0x6
 429 017b A6       		.byte	0xa6
 430 017c 08       		.byte	0x8
 431 017d 7E020000 		.4byte	0x27e
 432 0181 0D       		.uleb128 0xd
 433 0182 68647200 		.ascii	"hdr\000"
 434 0186 06       		.byte	0x6
 435 0187 B7       		.byte	0xb7
 436 0188 05       		.byte	0x5
 437 0189 FD050000 		.4byte	0x5fd
 438 018d 00       		.byte	0
 439 018e 0D       		.uleb128 0xd
 440 018f 63747800 		.ascii	"ctx\000"
 441 0193 06       		.byte	0x6
 442 0194 BB       		.byte	0xbb
 443 0195 21       		.byte	0x21
 444 0196 54040000 		.4byte	0x454
 445 019a 0C       		.byte	0xc
 446 019b 02       		.uleb128 0x2
 447 019c 8D010000 		.4byte	.LASF31
 448 01a0 06       		.byte	0x6
 449 01a1 BF       		.byte	0xbf
 450 01a2 22       		.byte	0x22
 451 01a3 EB060000 		.4byte	0x6eb
 452 01a7 10       		.byte	0x10
ARM GAS  /tmp/cc2UzfIc.s 			page 9


 453 01a8 02       		.uleb128 0x2
 454 01a9 4C020000 		.4byte	.LASF32
 455 01ad 06       		.byte	0x6
 456 01ae C5       		.byte	0xc5
 457 01af 22       		.byte	0x22
 458 01b0 F0060000 		.4byte	0x6f0
 459 01b4 14       		.byte	0x14
 460 01b5 02       		.uleb128 0x2
 461 01b6 59040000 		.4byte	.LASF33
 462 01ba 06       		.byte	0x6
 463 01bb CA       		.byte	0xca
 464 01bc 21       		.byte	0x21
 465 01bd F0060000 		.4byte	0x6f0
 466 01c1 18       		.byte	0x18
 467 01c2 02       		.uleb128 0x2
 468 01c3 AC050000 		.4byte	.LASF34
 469 01c7 06       		.byte	0x6
 470 01c8 CE       		.byte	0xce
 471 01c9 21       		.byte	0x21
 472 01ca 14010000 		.4byte	0x114
 473 01ce 1C       		.byte	0x1c
 474 01cf 02       		.uleb128 0x2
 475 01d0 36000000 		.4byte	.LASF35
 476 01d4 06       		.byte	0x6
 477 01d5 D2       		.byte	0xd2
 478 01d6 21       		.byte	0x21
 479 01d7 08010000 		.4byte	0x108
 480 01db 1D       		.byte	0x1d
 481 01dc 02       		.uleb128 0x2
 482 01dd 85000000 		.4byte	.LASF36
 483 01e1 06       		.byte	0x6
 484 01e2 D7       		.byte	0xd7
 485 01e3 21       		.byte	0x21
 486 01e4 20010000 		.4byte	0x120
 487 01e8 1E       		.byte	0x1e
 488 01e9 02       		.uleb128 0x2
 489 01ea 9F040000 		.4byte	.LASF37
 490 01ee 06       		.byte	0x6
 491 01ef DB       		.byte	0xdb
 492 01f0 22       		.byte	0x22
 493 01f1 65030000 		.4byte	0x365
 494 01f5 20       		.byte	0x20
 495 01f6 02       		.uleb128 0x2
 496 01f7 5C020000 		.4byte	.LASF38
 497 01fb 06       		.byte	0x6
 498 01fc DF       		.byte	0xdf
 499 01fd 21       		.byte	0x21
 500 01fe A1040000 		.4byte	0x4a1
 501 0202 24       		.byte	0x24
 502 0203 02       		.uleb128 0x2
 503 0204 13000000 		.4byte	.LASF39
 504 0208 06       		.byte	0x6
 505 0209 E5       		.byte	0xe5
 506 020a 21       		.byte	0x21
 507 020b E1050000 		.4byte	0x5e1
 508 020f 2C       		.byte	0x2c
 509 0210 02       		.uleb128 0x2
ARM GAS  /tmp/cc2UzfIc.s 			page 10


 510 0211 E1010000 		.4byte	.LASF40
 511 0215 06       		.byte	0x6
 512 0216 EB       		.byte	0xeb
 513 0217 22       		.byte	0x22
 514 0218 66050000 		.4byte	0x566
 515 021c 30       		.byte	0x30
 516 021d 05       		.uleb128 0x5
 517 021e 7500     		.ascii	"u\000"
 518 0220 06       		.byte	0x6
 519 0221 3601     		.2byte	0x136
 520 0223 21       		.byte	0x21
 521 0224 23060000 		.4byte	0x623
 522 0228 34       		.byte	0x34
 523 0229 03       		.uleb128 0x3
 524 022a 2D050000 		.4byte	.LASF41
 525 022e 06       		.byte	0x6
 526 022f 3B01     		.2byte	0x13b
 527 0231 21       		.byte	0x21
 528 0232 75040000 		.4byte	0x475
 529 0236 38       		.byte	0x38
 530 0237 03       		.uleb128 0x3
 531 0238 6B020000 		.4byte	.LASF42
 532 023c 06       		.byte	0x6
 533 023d 4101     		.2byte	0x141
 534 023f 21       		.byte	0x21
 535 0240 A1040000 		.4byte	0x4a1
 536 0244 3C       		.byte	0x3c
 537 0245 03       		.uleb128 0x3
 538 0246 FD000000 		.4byte	.LASF43
 539 024a 06       		.byte	0x6
 540 024b 5301     		.2byte	0x153
 541 024d 21       		.byte	0x21
 542 024e 38010000 		.4byte	0x138
 543 0252 44       		.byte	0x44
 544 0253 03       		.uleb128 0x3
 545 0254 58000000 		.4byte	.LASF44
 546 0258 06       		.byte	0x6
 547 0259 5901     		.2byte	0x159
 548 025b 21       		.byte	0x21
 549 025c 44010000 		.4byte	0x144
 550 0260 48       		.byte	0x48
 551 0261 03       		.uleb128 0x3
 552 0262 93010000 		.4byte	.LASF45
 553 0266 06       		.byte	0x6
 554 0267 6001     		.2byte	0x160
 555 0269 22       		.byte	0x22
 556 026a E6060000 		.4byte	0x6e6
 557 026e 4C       		.byte	0x4c
 558 026f 03       		.uleb128 0x3
 559 0270 4F000000 		.4byte	.LASF46
 560 0274 06       		.byte	0x6
 561 0275 6401     		.2byte	0x164
 562 0277 21       		.byte	0x21
 563 0278 2C010000 		.4byte	0x12c
 564 027c 50       		.byte	0x50
 565 027d 00       		.byte	0
 566 027e 01       		.uleb128 0x1
ARM GAS  /tmp/cc2UzfIc.s 			page 11


 567 027f BC050000 		.4byte	.LASF47
 568 0283 05       		.byte	0x5
 569 0284 89       		.byte	0x89
 570 0285 1F       		.byte	0x1f
 571 0286 8A020000 		.4byte	0x28a
 572 028a 0A       		.uleb128 0xa
 573 028b 04020000 		.4byte	.LASF49
 574 028f E8       		.byte	0xe8
 575 0290 06       		.byte	0x6
 576 0291 A001     		.2byte	0x1a0
 577 0293 08       		.byte	0x8
 578 0294 17030000 		.4byte	0x317
 579 0298 03       		.uleb128 0x3
 580 0299 8F040000 		.4byte	.LASF50
 581 029d 06       		.byte	0x6
 582 029e A401     		.2byte	0x1a4
 583 02a0 21       		.byte	0x21
 584 02a1 20070000 		.4byte	0x720
 585 02a5 00       		.byte	0
 586 02a6 03       		.uleb128 0x3
 587 02a7 91000000 		.4byte	.LASF51
 588 02ab 06       		.byte	0x6
 589 02ac A801     		.2byte	0x1a8
 590 02ae 21       		.byte	0x21
 591 02af 9D050000 		.4byte	0x59d
 592 02b3 10       		.byte	0x10
 593 02b4 03       		.uleb128 0x3
 594 02b5 CA050000 		.4byte	.LASF52
 595 02b9 06       		.byte	0x6
 596 02ba AF01     		.2byte	0x1af
 597 02bc 21       		.byte	0x21
 598 02bd C4050000 		.4byte	0x5c4
 599 02c1 28       		.byte	0x28
 600 02c2 03       		.uleb128 0x3
 601 02c3 73000000 		.4byte	.LASF53
 602 02c7 06       		.byte	0x6
 603 02c8 B401     		.2byte	0x1b4
 604 02ca 21       		.byte	0x21
 605 02cb 5C010000 		.4byte	0x15c
 606 02cf 30       		.byte	0x30
 607 02d0 03       		.uleb128 0x3
 608 02d1 B2010000 		.4byte	.LASF54
 609 02d5 06       		.byte	0x6
 610 02d6 BA01     		.2byte	0x1ba
 611 02d8 21       		.byte	0x21
 612 02d9 3E030000 		.4byte	0x33e
 613 02dd 34       		.byte	0x34
 614 02de 03       		.uleb128 0x3
 615 02df 54030000 		.4byte	.LASF55
 616 02e3 06       		.byte	0x6
 617 02e4 BF01     		.2byte	0x1bf
 618 02e6 22       		.byte	0x22
 619 02e7 90070000 		.4byte	0x790
 620 02eb 38       		.byte	0x38
 621 02ec 03       		.uleb128 0x3
 622 02ed 27030000 		.4byte	.LASF56
 623 02f1 06       		.byte	0x6
ARM GAS  /tmp/cc2UzfIc.s 			page 12


 624 02f2 C301     		.2byte	0x1c3
 625 02f4 21       		.byte	0x21
 626 02f5 68010000 		.4byte	0x168
 627 02f9 3C       		.byte	0x3c
 628 02fa 03       		.uleb128 0x3
 629 02fb A1050000 		.4byte	.LASF57
 630 02ff 06       		.byte	0x6
 631 0300 C801     		.2byte	0x1c8
 632 0302 21       		.byte	0x21
 633 0303 68010000 		.4byte	0x168
 634 0307 90       		.byte	0x90
 635 0308 05       		.uleb128 0x5
 636 0309 64626700 		.ascii	"dbg\000"
 637 030d 06       		.byte	0x6
 638 030e CD01     		.2byte	0x1cd
 639 0310 21       		.byte	0x21
 640 0311 7B030000 		.4byte	0x37b
 641 0315 E4       		.byte	0xe4
 642 0316 00       		.byte	0
 643 0317 01       		.uleb128 0x1
 644 0318 2D020000 		.4byte	.LASF58
 645 031c 07       		.byte	0x7
 646 031d 3E       		.byte	0x3e
 647 031e 12       		.byte	0x12
 648 031f C7000000 		.4byte	0xc7
 649 0323 07       		.uleb128 0x7
 650 0324 E8010000 		.4byte	.LASF59
 651 0328 04       		.byte	0x4
 652 0329 07       		.byte	0x7
 653 032a 43       		.byte	0x43
 654 032b 10       		.byte	0x10
 655 032c 3E030000 		.4byte	0x33e
 656 0330 02       		.uleb128 0x2
 657 0331 CF020000 		.4byte	.LASF60
 658 0335 07       		.byte	0x7
 659 0336 47       		.byte	0x47
 660 0337 21       		.byte	0x21
 661 0338 17030000 		.4byte	0x317
 662 033c 00       		.byte	0
 663 033d 00       		.byte	0
 664 033e 01       		.uleb128 0x1
 665 033f E3040000 		.4byte	.LASF61
 666 0343 07       		.byte	0x7
 667 0344 48       		.byte	0x48
 668 0345 03       		.byte	0x3
 669 0346 23030000 		.4byte	0x323
 670 034a 07       		.uleb128 0x7
 671 034b D1000000 		.4byte	.LASF62
 672 034f 04       		.byte	0x4
 673 0350 08       		.byte	0x8
 674 0351 3D       		.byte	0x3d
 675 0352 10       		.byte	0x10
 676 0353 65030000 		.4byte	0x365
 677 0357 02       		.uleb128 0x2
 678 0358 FE020000 		.4byte	.LASF63
 679 035c 08       		.byte	0x8
 680 035d 45       		.byte	0x45
ARM GAS  /tmp/cc2UzfIc.s 			page 13


 681 035e 24       		.byte	0x24
 682 035f 6A030000 		.4byte	0x36a
 683 0363 00       		.byte	0
 684 0364 00       		.byte	0
 685 0365 04       		.uleb128 0x4
 686 0366 76030000 		.4byte	0x376
 687 036a 0C       		.uleb128 0xc
 688 036b 65030000 		.4byte	0x365
 689 036f 06       		.uleb128 0x6
 690 0370 01       		.byte	0x1
 691 0371 08       		.byte	0x8
 692 0372 18020000 		.4byte	.LASF64
 693 0376 0B       		.uleb128 0xb
 694 0377 6F030000 		.4byte	0x36f
 695 037b 01       		.uleb128 0x1
 696 037c 93020000 		.4byte	.LASF65
 697 0380 08       		.byte	0x8
 698 0381 50       		.byte	0x50
 699 0382 03       		.byte	0x3
 700 0383 4A030000 		.4byte	0x34a
 701 0387 01       		.uleb128 0x1
 702 0388 3C000000 		.4byte	.LASF66
 703 038c 09       		.byte	0x9
 704 038d 6C       		.byte	0x6c
 705 038e 12       		.byte	0x12
 706 038f C7000000 		.4byte	0xc7
 707 0393 0C       		.uleb128 0xc
 708 0394 87030000 		.4byte	0x387
 709 0398 01       		.uleb128 0x1
 710 0399 E5020000 		.4byte	.LASF67
 711 039d 09       		.byte	0x9
 712 039e 78       		.byte	0x78
 713 039f 12       		.byte	0x12
 714 03a0 C7000000 		.4byte	0xc7
 715 03a4 0A       		.uleb128 0xa
 716 03a5 6E030000 		.4byte	.LASF68
 717 03a9 A8       		.byte	0xa8
 718 03aa 0A       		.byte	0xa
 719 03ab 0102     		.2byte	0x201
 720 03ad 08       		.byte	0x8
 721 03ae 44040000 		.4byte	0x444
 722 03b2 05       		.uleb128 0x5
 723 03b3 6400     		.ascii	"d\000"
 724 03b5 0A       		.byte	0xa
 725 03b6 0302     		.2byte	0x203
 726 03b8 19       		.byte	0x19
 727 03b9 44040000 		.4byte	0x444
 728 03bd 00       		.byte	0
 729 03be 03       		.uleb128 0x3
 730 03bf 59010000 		.4byte	.LASF69
 731 03c3 0A       		.byte	0xa
 732 03c4 0402     		.2byte	0x204
 733 03c6 19       		.byte	0x19
 734 03c7 C7000000 		.4byte	0xc7
 735 03cb 80       		.byte	0x80
 736 03cc 05       		.uleb128 0x5
 737 03cd 723400   		.ascii	"r4\000"
ARM GAS  /tmp/cc2UzfIc.s 			page 14


 738 03d0 0A       		.byte	0xa
 739 03d1 0602     		.2byte	0x206
 740 03d3 19       		.byte	0x19
 741 03d4 C7000000 		.4byte	0xc7
 742 03d8 84       		.byte	0x84
 743 03d9 05       		.uleb128 0x5
 744 03da 723500   		.ascii	"r5\000"
 745 03dd 0A       		.byte	0xa
 746 03de 0702     		.2byte	0x207
 747 03e0 19       		.byte	0x19
 748 03e1 C7000000 		.4byte	0xc7
 749 03e5 88       		.byte	0x88
 750 03e6 05       		.uleb128 0x5
 751 03e7 723600   		.ascii	"r6\000"
 752 03ea 0A       		.byte	0xa
 753 03eb 0802     		.2byte	0x208
 754 03ed 19       		.byte	0x19
 755 03ee C7000000 		.4byte	0xc7
 756 03f2 8C       		.byte	0x8c
 757 03f3 05       		.uleb128 0x5
 758 03f4 723700   		.ascii	"r7\000"
 759 03f7 0A       		.byte	0xa
 760 03f8 0902     		.2byte	0x209
 761 03fa 19       		.byte	0x19
 762 03fb C7000000 		.4byte	0xc7
 763 03ff 90       		.byte	0x90
 764 0400 05       		.uleb128 0x5
 765 0401 723800   		.ascii	"r8\000"
 766 0404 0A       		.byte	0xa
 767 0405 0A02     		.2byte	0x20a
 768 0407 19       		.byte	0x19
 769 0408 C7000000 		.4byte	0xc7
 770 040c 94       		.byte	0x94
 771 040d 05       		.uleb128 0x5
 772 040e 723900   		.ascii	"r9\000"
 773 0411 0A       		.byte	0xa
 774 0412 0B02     		.2byte	0x20b
 775 0414 19       		.byte	0x19
 776 0415 C7000000 		.4byte	0xc7
 777 0419 98       		.byte	0x98
 778 041a 05       		.uleb128 0x5
 779 041b 72313000 		.ascii	"r10\000"
 780 041f 0A       		.byte	0xa
 781 0420 0C02     		.2byte	0x20c
 782 0422 19       		.byte	0x19
 783 0423 C7000000 		.4byte	0xc7
 784 0427 9C       		.byte	0x9c
 785 0428 05       		.uleb128 0x5
 786 0429 72313100 		.ascii	"r11\000"
 787 042d 0A       		.byte	0xa
 788 042e 0D02     		.2byte	0x20d
 789 0430 19       		.byte	0x19
 790 0431 C7000000 		.4byte	0xc7
 791 0435 A0       		.byte	0xa0
 792 0436 05       		.uleb128 0x5
 793 0437 6C7200   		.ascii	"lr\000"
 794 043a 0A       		.byte	0xa
ARM GAS  /tmp/cc2UzfIc.s 			page 15


 795 043b 0E02     		.2byte	0x20e
 796 043d 19       		.byte	0x19
 797 043e C7000000 		.4byte	0xc7
 798 0442 A4       		.byte	0xa4
 799 0443 00       		.byte	0
 800 0444 0E       		.uleb128 0xe
 801 0445 D3000000 		.4byte	0xd3
 802 0449 54040000 		.4byte	0x454
 803 044d 0F       		.uleb128 0xf
 804 044e 2D000000 		.4byte	0x2d
 805 0452 0F       		.byte	0xf
 806 0453 00       		.byte	0
 807 0454 0A       		.uleb128 0xa
 808 0455 98000000 		.4byte	.LASF70
 809 0459 04       		.byte	0x4
 810 045a 0A       		.byte	0xa
 811 045b 1702     		.2byte	0x217
 812 045d 08       		.byte	0x8
 813 045e 70040000 		.4byte	0x470
 814 0462 05       		.uleb128 0x5
 815 0463 737000   		.ascii	"sp\000"
 816 0466 0A       		.byte	0xa
 817 0467 1802     		.2byte	0x218
 818 0469 1A       		.byte	0x1a
 819 046a 70040000 		.4byte	0x470
 820 046e 00       		.byte	0
 821 046f 00       		.byte	0
 822 0470 04       		.uleb128 0x4
 823 0471 A4030000 		.4byte	0x3a4
 824 0475 01       		.uleb128 0x1
 825 0476 3E030000 		.4byte	.LASF71
 826 047a 0B       		.byte	0xb
 827 047b 31       		.byte	0x31
 828 047c 18       		.byte	0x18
 829 047d 81040000 		.4byte	0x481
 830 0481 07       		.uleb128 0x7
 831 0482 C9000000 		.4byte	.LASF72
 832 0486 04       		.byte	0x4
 833 0487 0B       		.byte	0xb
 834 0488 37       		.byte	0x37
 835 0489 08       		.byte	0x8
 836 048a 9C040000 		.4byte	0x49c
 837 048e 02       		.uleb128 0x2
 838 048f 6E000000 		.4byte	.LASF73
 839 0493 0B       		.byte	0xb
 840 0494 38       		.byte	0x38
 841 0495 1A       		.byte	0x1a
 842 0496 9C040000 		.4byte	0x49c
 843 049a 00       		.byte	0
 844 049b 00       		.byte	0
 845 049c 04       		.uleb128 0x4
 846 049d 75040000 		.4byte	0x475
 847 04a1 01       		.uleb128 0x1
 848 04a2 F3020000 		.4byte	.LASF74
 849 04a6 0B       		.byte	0xb
 850 04a7 3E       		.byte	0x3e
 851 04a8 19       		.byte	0x19
ARM GAS  /tmp/cc2UzfIc.s 			page 16


 852 04a9 AD040000 		.4byte	0x4ad
 853 04ad 07       		.uleb128 0x7
 854 04ae 03050000 		.4byte	.LASF75
 855 04b2 08       		.byte	0x8
 856 04b3 0B       		.byte	0xb
 857 04b4 44       		.byte	0x44
 858 04b5 08       		.byte	0x8
 859 04b6 D5040000 		.4byte	0x4d5
 860 04ba 02       		.uleb128 0x2
 861 04bb 6E000000 		.4byte	.LASF73
 862 04bf 0B       		.byte	0xb
 863 04c0 45       		.byte	0x45
 864 04c1 1A       		.byte	0x1a
 865 04c2 D5040000 		.4byte	0x4d5
 866 04c6 00       		.byte	0
 867 04c7 02       		.uleb128 0x2
 868 04c8 C4000000 		.4byte	.LASF76
 869 04cc 0B       		.byte	0xb
 870 04cd 46       		.byte	0x46
 871 04ce 1A       		.byte	0x1a
 872 04cf D5040000 		.4byte	0x4d5
 873 04d3 04       		.byte	0x4
 874 04d4 00       		.byte	0
 875 04d5 04       		.uleb128 0x4
 876 04d6 A1040000 		.4byte	0x4a1
 877 04da 01       		.uleb128 0x1
 878 04db C7010000 		.4byte	.LASF77
 879 04df 0B       		.byte	0xb
 880 04e0 4D       		.byte	0x4d
 881 04e1 22       		.byte	0x22
 882 04e2 E6040000 		.4byte	0x4e6
 883 04e6 07       		.uleb128 0x7
 884 04e7 F1040000 		.4byte	.LASF78
 885 04eb 0C       		.byte	0xc
 886 04ec 0B       		.byte	0xb
 887 04ed 54       		.byte	0x54
 888 04ee 08       		.byte	0x8
 889 04ef 1B050000 		.4byte	0x51b
 890 04f3 02       		.uleb128 0x2
 891 04f4 6E000000 		.4byte	.LASF73
 892 04f8 0B       		.byte	0xb
 893 04f9 55       		.byte	0x55
 894 04fa 1A       		.byte	0x1a
 895 04fb 1B050000 		.4byte	0x51b
 896 04ff 00       		.byte	0
 897 0500 02       		.uleb128 0x2
 898 0501 C4000000 		.4byte	.LASF76
 899 0505 0B       		.byte	0xb
 900 0506 56       		.byte	0x56
 901 0507 1A       		.byte	0x1a
 902 0508 1B050000 		.4byte	0x51b
 903 050c 04       		.byte	0x4
 904 050d 02       		.uleb128 0x2
 905 050e 13020000 		.4byte	.LASF79
 906 0512 0B       		.byte	0xb
 907 0513 57       		.byte	0x57
 908 0514 19       		.byte	0x19
ARM GAS  /tmp/cc2UzfIc.s 			page 17


 909 0515 2C010000 		.4byte	0x12c
 910 0519 08       		.byte	0x8
 911 051a 00       		.byte	0
 912 051b 04       		.uleb128 0x4
 913 051c DA040000 		.4byte	0x4da
 914 0520 01       		.uleb128 0x1
 915 0521 1D020000 		.4byte	.LASF80
 916 0525 0B       		.byte	0xb
 917 0526 5E       		.byte	0x5e
 918 0527 1E       		.byte	0x1e
 919 0528 2C050000 		.4byte	0x52c
 920 052c 07       		.uleb128 0x7
 921 052d E6000000 		.4byte	.LASF81
 922 0531 0C       		.byte	0xc
 923 0532 0B       		.byte	0xb
 924 0533 63       		.byte	0x63
 925 0534 08       		.byte	0x8
 926 0535 61050000 		.4byte	0x561
 927 0539 02       		.uleb128 0x2
 928 053a 6E000000 		.4byte	.LASF73
 929 053e 0B       		.byte	0xb
 930 053f 64       		.byte	0x64
 931 0540 1A       		.byte	0x1a
 932 0541 61050000 		.4byte	0x561
 933 0545 00       		.byte	0
 934 0546 02       		.uleb128 0x2
 935 0547 C4000000 		.4byte	.LASF76
 936 054b 0B       		.byte	0xb
 937 054c 65       		.byte	0x65
 938 054d 1A       		.byte	0x1a
 939 054e 61050000 		.4byte	0x561
 940 0552 04       		.byte	0x4
 941 0553 02       		.uleb128 0x2
 942 0554 E4050000 		.4byte	.LASF82
 943 0558 0B       		.byte	0xb
 944 0559 66       		.byte	0x66
 945 055a 19       		.byte	0x19
 946 055b 98030000 		.4byte	0x398
 947 055f 08       		.byte	0x8
 948 0560 00       		.byte	0
 949 0561 04       		.uleb128 0x4
 950 0562 20050000 		.4byte	0x520
 951 0566 1B       		.uleb128 0x1b
 952 0567 04       		.byte	0x4
 953 0568 07       		.uleb128 0x7
 954 0569 9B010000 		.4byte	.LASF83
 955 056d 18       		.byte	0x18
 956 056e 06       		.byte	0x6
 957 056f 61       		.byte	0x61
 958 0570 10       		.byte	0x10
 959 0571 9D050000 		.4byte	0x59d
 960 0575 02       		.uleb128 0x2
 961 0576 80040000 		.4byte	.LASF84
 962 057a 06       		.byte	0x6
 963 057b 65       		.byte	0x65
 964 057c 21       		.byte	0x21
 965 057d 20050000 		.4byte	0x520
ARM GAS  /tmp/cc2UzfIc.s 			page 18


 966 0581 00       		.byte	0
 967 0582 02       		.uleb128 0x2
 968 0583 1F030000 		.4byte	.LASF85
 969 0587 06       		.byte	0x6
 970 0588 6A       		.byte	0x6a
 971 0589 21       		.byte	0x21
 972 058a 93030000 		.4byte	0x393
 973 058e 0C       		.byte	0xc
 974 058f 02       		.uleb128 0x2
 975 0590 B3000000 		.4byte	.LASF86
 976 0594 06       		.byte	0x6
 977 0595 7E       		.byte	0x7e
 978 0596 21       		.byte	0x21
 979 0597 DF000000 		.4byte	0xdf
 980 059b 10       		.byte	0x10
 981 059c 00       		.byte	0
 982 059d 01       		.uleb128 0x1
 983 059e 35050000 		.4byte	.LASF87
 984 05a2 06       		.byte	0x6
 985 05a3 80       		.byte	0x80
 986 05a4 03       		.byte	0x3
 987 05a5 68050000 		.4byte	0x568
 988 05a9 07       		.uleb128 0x7
 989 05aa 2A000000 		.4byte	.LASF88
 990 05ae 08       		.byte	0x8
 991 05af 06       		.byte	0x6
 992 05b0 85       		.byte	0x85
 993 05b1 10       		.byte	0x10
 994 05b2 C4050000 		.4byte	0x5c4
 995 05b6 02       		.uleb128 0x2
 996 05b7 D5040000 		.4byte	.LASF89
 997 05bb 06       		.byte	0x6
 998 05bc 89       		.byte	0x89
 999 05bd 21       		.byte	0x21
 1000 05be A1040000 		.4byte	0x4a1
 1001 05c2 00       		.byte	0
 1002 05c3 00       		.byte	0
 1003 05c4 01       		.uleb128 0x1
 1004 05c5 B6020000 		.4byte	.LASF90
 1005 05c9 06       		.byte	0x6
 1006 05ca 8A       		.byte	0x8a
 1007 05cb 03       		.byte	0x3
 1008 05cc A9050000 		.4byte	0x5a9
 1009 05d0 01       		.uleb128 0x1
 1010 05d1 39020000 		.4byte	.LASF91
 1011 05d5 06       		.byte	0x6
 1012 05d6 8F       		.byte	0x8f
 1013 05d7 14       		.byte	0x14
 1014 05d8 DC050000 		.4byte	0x5dc
 1015 05dc 04       		.uleb128 0x4
 1016 05dd 68010000 		.4byte	0x168
 1017 05e1 01       		.uleb128 0x1
 1018 05e2 D4020000 		.4byte	.LASF92
 1019 05e6 06       		.byte	0x6
 1020 05e7 9E       		.byte	0x9e
 1021 05e8 10       		.byte	0x10
 1022 05e9 ED050000 		.4byte	0x5ed
ARM GAS  /tmp/cc2UzfIc.s 			page 19


 1023 05ed 04       		.uleb128 0x4
 1024 05ee F2050000 		.4byte	0x5f2
 1025 05f2 1C       		.uleb128 0x1c
 1026 05f3 FD050000 		.4byte	0x5fd
 1027 05f7 14       		.uleb128 0x14
 1028 05f8 DC050000 		.4byte	0x5dc
 1029 05fc 00       		.byte	0
 1030 05fd 15       		.uleb128 0x15
 1031 05fe 0C       		.byte	0xc
 1032 05ff AA       		.byte	0xaa
 1033 0600 23060000 		.4byte	0x623
 1034 0604 10       		.uleb128 0x10
 1035 0605 E1000000 		.4byte	.LASF93
 1036 0609 AE       		.byte	0xae
 1037 060a 75040000 		.4byte	0x475
 1038 060e 10       		.uleb128 0x10
 1039 060f D5040000 		.4byte	.LASF89
 1040 0613 B2       		.byte	0xb2
 1041 0614 A1040000 		.4byte	0x4a1
 1042 0618 10       		.uleb128 0x10
 1043 0619 76010000 		.4byte	.LASF94
 1044 061d B6       		.byte	0xb6
 1045 061e DA040000 		.4byte	0x4da
 1046 0622 00       		.byte	0
 1047 0623 15       		.uleb128 0x15
 1048 0624 04       		.byte	0x4
 1049 0625 FF       		.byte	0xff
 1050 0626 7F060000 		.4byte	0x67f
 1051 062a 08       		.uleb128 0x8
 1052 062b C0010000 		.4byte	.LASF95
 1053 062f 0601     		.2byte	0x106
 1054 0631 21       		.byte	0x21
 1055 0632 38010000 		.4byte	0x138
 1056 0636 08       		.uleb128 0x8
 1057 0637 28060000 		.4byte	.LASF96
 1058 063b 0D01     		.2byte	0x10d
 1059 063d 21       		.byte	0x21
 1060 063e 38010000 		.4byte	0x138
 1061 0642 08       		.uleb128 0x8
 1062 0643 8A000000 		.4byte	.LASF97
 1063 0647 1401     		.2byte	0x114
 1064 0649 22       		.byte	0x22
 1065 064a 66050000 		.4byte	0x566
 1066 064e 08       		.uleb128 0x8
 1067 064f D2050000 		.4byte	.LASF98
 1068 0653 1B01     		.2byte	0x11b
 1069 0655 22       		.byte	0x22
 1070 0656 7F060000 		.4byte	0x67f
 1071 065a 08       		.uleb128 0x8
 1072 065b EA040000 		.4byte	.LASF99
 1073 065f 2301     		.2byte	0x123
 1074 0661 22       		.byte	0x22
 1075 0662 AC060000 		.4byte	0x6ac
 1076 0666 08       		.uleb128 0x8
 1077 0667 0C000000 		.4byte	.LASF100
 1078 066b 2C01     		.2byte	0x12c
 1079 066d 22       		.byte	0x22
ARM GAS  /tmp/cc2UzfIc.s 			page 20


 1080 066e E6060000 		.4byte	0x6e6
 1081 0672 08       		.uleb128 0x8
 1082 0673 BD000000 		.4byte	.LASF101
 1083 0677 3401     		.2byte	0x134
 1084 0679 21       		.byte	0x21
 1085 067a 44010000 		.4byte	0x144
 1086 067e 00       		.byte	0
 1087 067f 04       		.uleb128 0x4
 1088 0680 D0050000 		.4byte	0x5d0
 1089 0684 07       		.uleb128 0x7
 1090 0685 2F010000 		.4byte	.LASF102
 1091 0689 0C       		.byte	0xc
 1092 068a 0C       		.byte	0xc
 1093 068b 33       		.byte	0x33
 1094 068c 10       		.byte	0x10
 1095 068d AC060000 		.4byte	0x6ac
 1096 0691 02       		.uleb128 0x2
 1097 0692 D5040000 		.4byte	.LASF89
 1098 0696 0C       		.byte	0xc
 1099 0697 34       		.byte	0x34
 1100 0698 19       		.byte	0x19
 1101 0699 A1040000 		.4byte	0x4a1
 1102 069d 00       		.byte	0
 1103 069e 0D       		.uleb128 0xd
 1104 069f 636E7400 		.ascii	"cnt\000"
 1105 06a3 0C       		.byte	0xc
 1106 06a4 36       		.byte	0x36
 1107 06a5 19       		.byte	0x19
 1108 06a6 50010000 		.4byte	0x150
 1109 06aa 08       		.byte	0x8
 1110 06ab 00       		.byte	0
 1111 06ac 04       		.uleb128 0x4
 1112 06ad 84060000 		.4byte	0x684
 1113 06b1 07       		.uleb128 0x7
 1114 06b2 F0010000 		.4byte	.LASF103
 1115 06b6 10       		.byte	0x10
 1116 06b7 0D       		.byte	0xd
 1117 06b8 38       		.byte	0x38
 1118 06b9 08       		.byte	0x8
 1119 06ba E6060000 		.4byte	0x6e6
 1120 06be 02       		.uleb128 0x2
 1121 06bf D5040000 		.4byte	.LASF89
 1122 06c3 0D       		.byte	0xd
 1123 06c4 39       		.byte	0x39
 1124 06c5 19       		.byte	0x19
 1125 06c6 A1040000 		.4byte	0x4a1
 1126 06ca 00       		.byte	0
 1127 06cb 02       		.uleb128 0x2
 1128 06cc 8D010000 		.4byte	.LASF31
 1129 06d0 0D       		.byte	0xd
 1130 06d1 3B       		.byte	0x3b
 1131 06d2 1A       		.byte	0x1a
 1132 06d3 DC050000 		.4byte	0x5dc
 1133 06d7 08       		.byte	0x8
 1134 06d8 02       		.uleb128 0x2
 1135 06d9 6E000000 		.4byte	.LASF73
 1136 06dd 0D       		.byte	0xd
ARM GAS  /tmp/cc2UzfIc.s 			page 21


 1137 06de 3D       		.byte	0x3d
 1138 06df 1A       		.byte	0x1a
 1139 06e0 AE070000 		.4byte	0x7ae
 1140 06e4 0C       		.byte	0xc
 1141 06e5 00       		.byte	0
 1142 06e6 04       		.uleb128 0x4
 1143 06e7 B1060000 		.4byte	0x6b1
 1144 06eb 04       		.uleb128 0x4
 1145 06ec 7E020000 		.4byte	0x27e
 1146 06f0 04       		.uleb128 0x4
 1147 06f1 FC000000 		.4byte	0xfc
 1148 06f5 0A       		.uleb128 0xa
 1149 06f6 A5000000 		.4byte	.LASF104
 1150 06fa 10       		.byte	0x10
 1151 06fb 06       		.byte	0x6
 1152 06fc 7501     		.2byte	0x175
 1153 06fe 10       		.byte	0x10
 1154 06ff 20070000 		.4byte	0x720
 1155 0703 03       		.uleb128 0x3
 1156 0704 76010000 		.4byte	.LASF94
 1157 0708 06       		.byte	0x6
 1158 0709 7A01     		.2byte	0x17a
 1159 070b 21       		.byte	0x21
 1160 070c DA040000 		.4byte	0x4da
 1161 0710 00       		.byte	0
 1162 0711 03       		.uleb128 0x3
 1163 0712 17060000 		.4byte	.LASF105
 1164 0716 06       		.byte	0x6
 1165 0717 7E01     		.2byte	0x17e
 1166 0719 22       		.byte	0x22
 1167 071a DC050000 		.4byte	0x5dc
 1168 071e 0C       		.byte	0xc
 1169 071f 00       		.byte	0
 1170 0720 16       		.uleb128 0x16
 1171 0721 C8040000 		.4byte	.LASF106
 1172 0725 7F01     		.2byte	0x17f
 1173 0727 F5060000 		.4byte	0x6f5
 1174 072b 0A       		.uleb128 0xa
 1175 072c 6A040000 		.4byte	.LASF107
 1176 0730 14       		.byte	0x14
 1177 0731 06       		.byte	0x6
 1178 0732 8401     		.2byte	0x184
 1179 0734 10       		.byte	0x10
 1180 0735 80070000 		.4byte	0x780
 1181 0739 03       		.uleb128 0x3
 1182 073a 9F040000 		.4byte	.LASF37
 1183 073e 06       		.byte	0x6
 1184 073f 8801     		.2byte	0x188
 1185 0741 22       		.byte	0x22
 1186 0742 65030000 		.4byte	0x365
 1187 0746 00       		.byte	0
 1188 0747 03       		.uleb128 0x3
 1189 0748 00000000 		.4byte	.LASF108
 1190 074c 06       		.byte	0x6
 1191 074d 8C01     		.2byte	0x18c
 1192 074f 22       		.byte	0x22
 1193 0750 F0060000 		.4byte	0x6f0
ARM GAS  /tmp/cc2UzfIc.s 			page 22


 1194 0754 04       		.byte	0x4
 1195 0755 03       		.uleb128 0x3
 1196 0756 5F040000 		.4byte	.LASF109
 1197 075a 06       		.byte	0x6
 1198 075b 9001     		.2byte	0x190
 1199 075d 22       		.byte	0x22
 1200 075e F0060000 		.4byte	0x6f0
 1201 0762 08       		.byte	0x8
 1202 0763 03       		.uleb128 0x3
 1203 0764 08030000 		.4byte	.LASF110
 1204 0768 06       		.byte	0x6
 1205 0769 9501     		.2byte	0x195
 1206 076b 22       		.byte	0x22
 1207 076c F0060000 		.4byte	0x6f0
 1208 0770 0C       		.byte	0xc
 1209 0771 03       		.uleb128 0x3
 1210 0772 C1020000 		.4byte	.LASF111
 1211 0776 06       		.byte	0x6
 1212 0777 9901     		.2byte	0x199
 1213 0779 22       		.byte	0x22
 1214 077a F0060000 		.4byte	0x6f0
 1215 077e 10       		.byte	0x10
 1216 077f 00       		.byte	0
 1217 0780 16       		.uleb128 0x16
 1218 0781 44010000 		.4byte	.LASF112
 1219 0785 9B01     		.2byte	0x19b
 1220 0787 2B070000 		.4byte	0x72b
 1221 078b 0B       		.uleb128 0xb
 1222 078c 80070000 		.4byte	0x780
 1223 0790 04       		.uleb128 0x4
 1224 0791 8B070000 		.4byte	0x78b
 1225 0795 1D       		.uleb128 0x1d
 1226 0796 63683000 		.ascii	"ch0\000"
 1227 079a 0F       		.byte	0xf
 1228 079b 1E01     		.2byte	0x11e
 1229 079d 16       		.byte	0x16
 1230 079e 7E020000 		.4byte	0x27e
 1231 07a2 01       		.uleb128 0x1
 1232 07a3 0C050000 		.4byte	.LASF113
 1233 07a7 0D       		.byte	0xd
 1234 07a8 33       		.byte	0x33
 1235 07a9 19       		.byte	0x19
 1236 07aa B1060000 		.4byte	0x6b1
 1237 07ae 04       		.uleb128 0x4
 1238 07af A2070000 		.4byte	0x7a2
 1239 07b3 06       		.uleb128 0x6
 1240 07b4 01       		.byte	0x1
 1241 07b5 02       		.byte	0x2
 1242 07b6 DB010000 		.4byte	.LASF114
 1243 07ba 1E       		.uleb128 0x1e
 1244 07bb B2050000 		.4byte	.LASF119
 1245 07bf 05       		.byte	0x5
 1246 07c0 E5       		.byte	0xe5
 1247 07c1 08       		.byte	0x8
 1248 07c2 CC070000 		.4byte	0x7cc
 1249 07c6 14       		.uleb128 0x14
 1250 07c7 65030000 		.4byte	0x365
ARM GAS  /tmp/cc2UzfIc.s 			page 23


 1251 07cb 00       		.byte	0
 1252 07cc 1F       		.uleb128 0x1f
 1253 07cd 7E020000 		.4byte	.LASF120
 1254 07d1 01       		.byte	0x1
 1255 07d2 99       		.byte	0x99
 1256 07d3 06       		.byte	0x6
 1257 07d4 00000000 		.4byte	.LFB207
 1258 07d8 D4000000 		.4byte	.LFE207-.LFB207
 1259 07dc 01       		.uleb128 0x1
 1260 07dd 9C       		.byte	0x9c
 1261 07de ED080000 		.4byte	0x8ed
 1262 07e2 20       		.uleb128 0x20
 1263 07e3 46000000 		.4byte	.LASF121
 1264 07e7 01       		.byte	0x1
 1265 07e8 99       		.byte	0x99
 1266 07e9 24       		.byte	0x24
 1267 07ea 2D000000 		.4byte	0x2d
 1268 07ee 10000000 		.4byte	.LLST0
 1269 07f2 0C000000 		.4byte	.LVUS0
 1270 07f6 21       		.uleb128 0x21
 1271 07f7 6F697000 		.ascii	"oip\000"
 1272 07fb 01       		.byte	0x1
 1273 07fc 9A       		.byte	0x9a
 1274 07fd 12       		.byte	0x12
 1275 07fe EB060000 		.4byte	0x6eb
 1276 0802 22       		.uleb128 0x22
 1277 0803 1F060000 		.4byte	.LASF115
 1278 0807 FD080000 		.4byte	0x8fd
 1279 080b 05       		.uleb128 0x5
 1280 080c 03       		.byte	0x3
 1281 080d 00000000 		.4byte	__func__.1
 1282 0811 17       		.uleb128 0x17
 1283 0812 0C000000 		.4byte	.LLRL1
 1284 0816 5A080000 		.4byte	0x85a
 1285 081a 09       		.uleb128 0x9
 1286 081b 17060000 		.4byte	.LASF105
 1287 081f A2       		.byte	0xa2
 1288 0820 1A       		.byte	0x1a
 1289 0821 1B050000 		.4byte	0x51b
 1290 0825 29000000 		.4byte	.LLST2
 1291 0829 21000000 		.4byte	.LVUS2
 1292 082d 11       		.uleb128 0x11
 1293 082e 1A000000 		.4byte	.LLRL3
 1294 0832 09       		.uleb128 0x9
 1295 0833 6E000000 		.4byte	.LASF73
 1296 0837 A4       		.byte	0xa4
 1297 0838 1C       		.byte	0x1c
 1298 0839 1B050000 		.4byte	0x51b
 1299 083d 49000000 		.4byte	.LLST4
 1300 0841 45000000 		.4byte	.LVUS4
 1301 0845 12       		.uleb128 0x12
 1302 0846 C8000000 		.4byte	.LVL16
 1303 084a BA070000 		.4byte	0x7ba
 1304 084e 13       		.uleb128 0x13
 1305 084f 01       		.uleb128 0x1
 1306 0850 50       		.byte	0x50
 1307 0851 05       		.uleb128 0x5
ARM GAS  /tmp/cc2UzfIc.s 			page 24


 1308 0852 03       		.byte	0x3
 1309 0853 00000000 		.4byte	__func__.1
 1310 0857 00       		.byte	0
 1311 0858 00       		.byte	0
 1312 0859 00       		.byte	0
 1313 085a 17       		.uleb128 0x17
 1314 085b 28000000 		.4byte	.LLRL5
 1315 085f A3080000 		.4byte	0x8a3
 1316 0863 09       		.uleb128 0x9
 1317 0864 17060000 		.4byte	.LASF105
 1318 0868 B2       		.byte	0xb2
 1319 0869 16       		.byte	0x16
 1320 086a 61050000 		.4byte	0x561
 1321 086e 63000000 		.4byte	.LLST6
 1322 0872 5B000000 		.4byte	.LVUS6
 1323 0876 11       		.uleb128 0x11
 1324 0877 34000000 		.4byte	.LLRL7
 1325 087b 09       		.uleb128 0x9
 1326 087c 6E000000 		.4byte	.LASF73
 1327 0880 B4       		.byte	0xb4
 1328 0881 18       		.byte	0x18
 1329 0882 61050000 		.4byte	0x561
 1330 0886 81000000 		.4byte	.LLST8
 1331 088a 7D000000 		.4byte	.LVUS8
 1332 088e 12       		.uleb128 0x12
 1333 088f B8000000 		.4byte	.LVL14
 1334 0893 BA070000 		.4byte	0x7ba
 1335 0897 13       		.uleb128 0x13
 1336 0898 01       		.uleb128 0x1
 1337 0899 50       		.byte	0x50
 1338 089a 05       		.uleb128 0x5
 1339 089b 03       		.byte	0x3
 1340 089c 00000000 		.4byte	__func__.1
 1341 08a0 00       		.byte	0
 1342 08a1 00       		.byte	0
 1343 08a2 00       		.byte	0
 1344 08a3 23       		.uleb128 0x23
 1345 08a4 6C000000 		.4byte	.LBB20
 1346 08a8 40000000 		.4byte	.LBE20-.LBB20
 1347 08ac 09       		.uleb128 0x9
 1348 08ad 17060000 		.4byte	.LASF105
 1349 08b1 C2       		.byte	0xc2
 1350 08b2 11       		.byte	0x11
 1351 08b3 D5040000 		.4byte	0x4d5
 1352 08b7 99000000 		.4byte	.LLST9
 1353 08bb 91000000 		.4byte	.LVUS9
 1354 08bf 11       		.uleb128 0x11
 1355 08c0 40000000 		.4byte	.LLRL10
 1356 08c4 09       		.uleb128 0x9
 1357 08c5 6E000000 		.4byte	.LASF73
 1358 08c9 C4       		.byte	0xc4
 1359 08ca 13       		.byte	0x13
 1360 08cb D5040000 		.4byte	0x4d5
 1361 08cf B7000000 		.4byte	.LLST11
 1362 08d3 B3000000 		.4byte	.LVUS11
 1363 08d7 12       		.uleb128 0x12
 1364 08d8 A0000000 		.4byte	.LVL12
ARM GAS  /tmp/cc2UzfIc.s 			page 25


 1365 08dc BA070000 		.4byte	0x7ba
 1366 08e0 13       		.uleb128 0x13
 1367 08e1 01       		.uleb128 0x1
 1368 08e2 50       		.byte	0x50
 1369 08e3 05       		.uleb128 0x5
 1370 08e4 03       		.byte	0x3
 1371 08e5 00000000 		.4byte	__func__.1
 1372 08e9 00       		.byte	0
 1373 08ea 00       		.byte	0
 1374 08eb 00       		.byte	0
 1375 08ec 00       		.byte	0
 1376 08ed 0E       		.uleb128 0xe
 1377 08ee 76030000 		.4byte	0x376
 1378 08f2 FD080000 		.4byte	0x8fd
 1379 08f6 0F       		.uleb128 0xf
 1380 08f7 2D000000 		.4byte	0x2d
 1381 08fb 14       		.byte	0x14
 1382 08fc 00       		.byte	0
 1383 08fd 0B       		.uleb128 0xb
 1384 08fe ED080000 		.4byte	0x8ed
 1385 0902 24       		.uleb128 0x24
 1386 0903 EA050000 		.4byte	.LASF122
 1387 0907 0E       		.byte	0xe
 1388 0908 97       		.byte	0x97
 1389 0909 14       		.byte	0x14
 1390 090a 03       		.byte	0x3
 1391 090b 2F090000 		.4byte	0x92f
 1392 090f 18       		.uleb128 0x18
 1393 0910 6C00     		.ascii	"l\000"
 1394 0912 97       		.byte	0x97
 1395 0913 32       		.byte	0x32
 1396 0914 26000000 		.4byte	0x26
 1397 0918 18       		.uleb128 0x18
 1398 0919 7000     		.ascii	"p\000"
 1399 091b 97       		.byte	0x97
 1400 091c 41       		.byte	0x41
 1401 091d 2F090000 		.4byte	0x92f
 1402 0921 25       		.uleb128 0x25
 1403 0922 1F060000 		.4byte	.LASF115
 1404 0926 45090000 		.4byte	0x945
 1405 092a EA050000 		.4byte	.LASF122
 1406 092e 00       		.byte	0
 1407 092f 04       		.uleb128 0x4
 1408 0930 34090000 		.4byte	0x934
 1409 0934 26       		.uleb128 0x26
 1410 0935 0E       		.uleb128 0xe
 1411 0936 76030000 		.4byte	0x376
 1412 093a 45090000 		.4byte	0x945
 1413 093e 0F       		.uleb128 0xf
 1414 093f 2D000000 		.4byte	0x2d
 1415 0943 19       		.byte	0x19
 1416 0944 00       		.byte	0
 1417 0945 0B       		.uleb128 0xb
 1418 0946 35090000 		.4byte	0x935
 1419 094a 00       		.byte	0
 1420              		.section	.debug_abbrev,"",%progbits
 1421              	.Ldebug_abbrev0:
ARM GAS  /tmp/cc2UzfIc.s 			page 26


 1422 0000 01       		.uleb128 0x1
 1423 0001 16       		.uleb128 0x16
 1424 0002 00       		.byte	0
 1425 0003 03       		.uleb128 0x3
 1426 0004 0E       		.uleb128 0xe
 1427 0005 3A       		.uleb128 0x3a
 1428 0006 0B       		.uleb128 0xb
 1429 0007 3B       		.uleb128 0x3b
 1430 0008 0B       		.uleb128 0xb
 1431 0009 39       		.uleb128 0x39
 1432 000a 0B       		.uleb128 0xb
 1433 000b 49       		.uleb128 0x49
 1434 000c 13       		.uleb128 0x13
 1435 000d 00       		.byte	0
 1436 000e 00       		.byte	0
 1437 000f 02       		.uleb128 0x2
 1438 0010 0D       		.uleb128 0xd
 1439 0011 00       		.byte	0
 1440 0012 03       		.uleb128 0x3
 1441 0013 0E       		.uleb128 0xe
 1442 0014 3A       		.uleb128 0x3a
 1443 0015 0B       		.uleb128 0xb
 1444 0016 3B       		.uleb128 0x3b
 1445 0017 0B       		.uleb128 0xb
 1446 0018 39       		.uleb128 0x39
 1447 0019 0B       		.uleb128 0xb
 1448 001a 49       		.uleb128 0x49
 1449 001b 13       		.uleb128 0x13
 1450 001c 38       		.uleb128 0x38
 1451 001d 0B       		.uleb128 0xb
 1452 001e 00       		.byte	0
 1453 001f 00       		.byte	0
 1454 0020 03       		.uleb128 0x3
 1455 0021 0D       		.uleb128 0xd
 1456 0022 00       		.byte	0
 1457 0023 03       		.uleb128 0x3
 1458 0024 0E       		.uleb128 0xe
 1459 0025 3A       		.uleb128 0x3a
 1460 0026 0B       		.uleb128 0xb
 1461 0027 3B       		.uleb128 0x3b
 1462 0028 05       		.uleb128 0x5
 1463 0029 39       		.uleb128 0x39
 1464 002a 0B       		.uleb128 0xb
 1465 002b 49       		.uleb128 0x49
 1466 002c 13       		.uleb128 0x13
 1467 002d 38       		.uleb128 0x38
 1468 002e 0B       		.uleb128 0xb
 1469 002f 00       		.byte	0
 1470 0030 00       		.byte	0
 1471 0031 04       		.uleb128 0x4
 1472 0032 0F       		.uleb128 0xf
 1473 0033 00       		.byte	0
 1474 0034 0B       		.uleb128 0xb
 1475 0035 21       		.uleb128 0x21
 1476 0036 04       		.sleb128 4
 1477 0037 49       		.uleb128 0x49
 1478 0038 13       		.uleb128 0x13
ARM GAS  /tmp/cc2UzfIc.s 			page 27


 1479 0039 00       		.byte	0
 1480 003a 00       		.byte	0
 1481 003b 05       		.uleb128 0x5
 1482 003c 0D       		.uleb128 0xd
 1483 003d 00       		.byte	0
 1484 003e 03       		.uleb128 0x3
 1485 003f 08       		.uleb128 0x8
 1486 0040 3A       		.uleb128 0x3a
 1487 0041 0B       		.uleb128 0xb
 1488 0042 3B       		.uleb128 0x3b
 1489 0043 05       		.uleb128 0x5
 1490 0044 39       		.uleb128 0x39
 1491 0045 0B       		.uleb128 0xb
 1492 0046 49       		.uleb128 0x49
 1493 0047 13       		.uleb128 0x13
 1494 0048 38       		.uleb128 0x38
 1495 0049 0B       		.uleb128 0xb
 1496 004a 00       		.byte	0
 1497 004b 00       		.byte	0
 1498 004c 06       		.uleb128 0x6
 1499 004d 24       		.uleb128 0x24
 1500 004e 00       		.byte	0
 1501 004f 0B       		.uleb128 0xb
 1502 0050 0B       		.uleb128 0xb
 1503 0051 3E       		.uleb128 0x3e
 1504 0052 0B       		.uleb128 0xb
 1505 0053 03       		.uleb128 0x3
 1506 0054 0E       		.uleb128 0xe
 1507 0055 00       		.byte	0
 1508 0056 00       		.byte	0
 1509 0057 07       		.uleb128 0x7
 1510 0058 13       		.uleb128 0x13
 1511 0059 01       		.byte	0x1
 1512 005a 03       		.uleb128 0x3
 1513 005b 0E       		.uleb128 0xe
 1514 005c 0B       		.uleb128 0xb
 1515 005d 0B       		.uleb128 0xb
 1516 005e 3A       		.uleb128 0x3a
 1517 005f 0B       		.uleb128 0xb
 1518 0060 3B       		.uleb128 0x3b
 1519 0061 0B       		.uleb128 0xb
 1520 0062 39       		.uleb128 0x39
 1521 0063 0B       		.uleb128 0xb
 1522 0064 01       		.uleb128 0x1
 1523 0065 13       		.uleb128 0x13
 1524 0066 00       		.byte	0
 1525 0067 00       		.byte	0
 1526 0068 08       		.uleb128 0x8
 1527 0069 0D       		.uleb128 0xd
 1528 006a 00       		.byte	0
 1529 006b 03       		.uleb128 0x3
 1530 006c 0E       		.uleb128 0xe
 1531 006d 3A       		.uleb128 0x3a
 1532 006e 21       		.uleb128 0x21
 1533 006f 06       		.sleb128 6
 1534 0070 3B       		.uleb128 0x3b
 1535 0071 05       		.uleb128 0x5
ARM GAS  /tmp/cc2UzfIc.s 			page 28


 1536 0072 39       		.uleb128 0x39
 1537 0073 0B       		.uleb128 0xb
 1538 0074 49       		.uleb128 0x49
 1539 0075 13       		.uleb128 0x13
 1540 0076 00       		.byte	0
 1541 0077 00       		.byte	0
 1542 0078 09       		.uleb128 0x9
 1543 0079 34       		.uleb128 0x34
 1544 007a 00       		.byte	0
 1545 007b 03       		.uleb128 0x3
 1546 007c 0E       		.uleb128 0xe
 1547 007d 3A       		.uleb128 0x3a
 1548 007e 21       		.uleb128 0x21
 1549 007f 01       		.sleb128 1
 1550 0080 3B       		.uleb128 0x3b
 1551 0081 0B       		.uleb128 0xb
 1552 0082 39       		.uleb128 0x39
 1553 0083 0B       		.uleb128 0xb
 1554 0084 49       		.uleb128 0x49
 1555 0085 13       		.uleb128 0x13
 1556 0086 02       		.uleb128 0x2
 1557 0087 17       		.uleb128 0x17
 1558 0088 B742     		.uleb128 0x2137
 1559 008a 17       		.uleb128 0x17
 1560 008b 00       		.byte	0
 1561 008c 00       		.byte	0
 1562 008d 0A       		.uleb128 0xa
 1563 008e 13       		.uleb128 0x13
 1564 008f 01       		.byte	0x1
 1565 0090 03       		.uleb128 0x3
 1566 0091 0E       		.uleb128 0xe
 1567 0092 0B       		.uleb128 0xb
 1568 0093 0B       		.uleb128 0xb
 1569 0094 3A       		.uleb128 0x3a
 1570 0095 0B       		.uleb128 0xb
 1571 0096 3B       		.uleb128 0x3b
 1572 0097 05       		.uleb128 0x5
 1573 0098 39       		.uleb128 0x39
 1574 0099 0B       		.uleb128 0xb
 1575 009a 01       		.uleb128 0x1
 1576 009b 13       		.uleb128 0x13
 1577 009c 00       		.byte	0
 1578 009d 00       		.byte	0
 1579 009e 0B       		.uleb128 0xb
 1580 009f 26       		.uleb128 0x26
 1581 00a0 00       		.byte	0
 1582 00a1 49       		.uleb128 0x49
 1583 00a2 13       		.uleb128 0x13
 1584 00a3 00       		.byte	0
 1585 00a4 00       		.byte	0
 1586 00a5 0C       		.uleb128 0xc
 1587 00a6 35       		.uleb128 0x35
 1588 00a7 00       		.byte	0
 1589 00a8 49       		.uleb128 0x49
 1590 00a9 13       		.uleb128 0x13
 1591 00aa 00       		.byte	0
 1592 00ab 00       		.byte	0
ARM GAS  /tmp/cc2UzfIc.s 			page 29


 1593 00ac 0D       		.uleb128 0xd
 1594 00ad 0D       		.uleb128 0xd
 1595 00ae 00       		.byte	0
 1596 00af 03       		.uleb128 0x3
 1597 00b0 08       		.uleb128 0x8
 1598 00b1 3A       		.uleb128 0x3a
 1599 00b2 0B       		.uleb128 0xb
 1600 00b3 3B       		.uleb128 0x3b
 1601 00b4 0B       		.uleb128 0xb
 1602 00b5 39       		.uleb128 0x39
 1603 00b6 0B       		.uleb128 0xb
 1604 00b7 49       		.uleb128 0x49
 1605 00b8 13       		.uleb128 0x13
 1606 00b9 38       		.uleb128 0x38
 1607 00ba 0B       		.uleb128 0xb
 1608 00bb 00       		.byte	0
 1609 00bc 00       		.byte	0
 1610 00bd 0E       		.uleb128 0xe
 1611 00be 01       		.uleb128 0x1
 1612 00bf 01       		.byte	0x1
 1613 00c0 49       		.uleb128 0x49
 1614 00c1 13       		.uleb128 0x13
 1615 00c2 01       		.uleb128 0x1
 1616 00c3 13       		.uleb128 0x13
 1617 00c4 00       		.byte	0
 1618 00c5 00       		.byte	0
 1619 00c6 0F       		.uleb128 0xf
 1620 00c7 21       		.uleb128 0x21
 1621 00c8 00       		.byte	0
 1622 00c9 49       		.uleb128 0x49
 1623 00ca 13       		.uleb128 0x13
 1624 00cb 2F       		.uleb128 0x2f
 1625 00cc 0B       		.uleb128 0xb
 1626 00cd 00       		.byte	0
 1627 00ce 00       		.byte	0
 1628 00cf 10       		.uleb128 0x10
 1629 00d0 0D       		.uleb128 0xd
 1630 00d1 00       		.byte	0
 1631 00d2 03       		.uleb128 0x3
 1632 00d3 0E       		.uleb128 0xe
 1633 00d4 3A       		.uleb128 0x3a
 1634 00d5 21       		.uleb128 0x21
 1635 00d6 06       		.sleb128 6
 1636 00d7 3B       		.uleb128 0x3b
 1637 00d8 0B       		.uleb128 0xb
 1638 00d9 39       		.uleb128 0x39
 1639 00da 21       		.uleb128 0x21
 1640 00db 21       		.sleb128 33
 1641 00dc 49       		.uleb128 0x49
 1642 00dd 13       		.uleb128 0x13
 1643 00de 00       		.byte	0
 1644 00df 00       		.byte	0
 1645 00e0 11       		.uleb128 0x11
 1646 00e1 0B       		.uleb128 0xb
 1647 00e2 01       		.byte	0x1
 1648 00e3 55       		.uleb128 0x55
 1649 00e4 17       		.uleb128 0x17
ARM GAS  /tmp/cc2UzfIc.s 			page 30


 1650 00e5 00       		.byte	0
 1651 00e6 00       		.byte	0
 1652 00e7 12       		.uleb128 0x12
 1653 00e8 48       		.uleb128 0x48
 1654 00e9 01       		.byte	0x1
 1655 00ea 7D       		.uleb128 0x7d
 1656 00eb 01       		.uleb128 0x1
 1657 00ec 7F       		.uleb128 0x7f
 1658 00ed 13       		.uleb128 0x13
 1659 00ee 00       		.byte	0
 1660 00ef 00       		.byte	0
 1661 00f0 13       		.uleb128 0x13
 1662 00f1 49       		.uleb128 0x49
 1663 00f2 00       		.byte	0
 1664 00f3 02       		.uleb128 0x2
 1665 00f4 18       		.uleb128 0x18
 1666 00f5 7E       		.uleb128 0x7e
 1667 00f6 18       		.uleb128 0x18
 1668 00f7 00       		.byte	0
 1669 00f8 00       		.byte	0
 1670 00f9 14       		.uleb128 0x14
 1671 00fa 05       		.uleb128 0x5
 1672 00fb 00       		.byte	0
 1673 00fc 49       		.uleb128 0x49
 1674 00fd 13       		.uleb128 0x13
 1675 00fe 00       		.byte	0
 1676 00ff 00       		.byte	0
 1677 0100 15       		.uleb128 0x15
 1678 0101 17       		.uleb128 0x17
 1679 0102 01       		.byte	0x1
 1680 0103 0B       		.uleb128 0xb
 1681 0104 0B       		.uleb128 0xb
 1682 0105 3A       		.uleb128 0x3a
 1683 0106 21       		.uleb128 0x21
 1684 0107 06       		.sleb128 6
 1685 0108 3B       		.uleb128 0x3b
 1686 0109 0B       		.uleb128 0xb
 1687 010a 39       		.uleb128 0x39
 1688 010b 21       		.uleb128 0x21
 1689 010c 03       		.sleb128 3
 1690 010d 01       		.uleb128 0x1
 1691 010e 13       		.uleb128 0x13
 1692 010f 00       		.byte	0
 1693 0110 00       		.byte	0
 1694 0111 16       		.uleb128 0x16
 1695 0112 16       		.uleb128 0x16
 1696 0113 00       		.byte	0
 1697 0114 03       		.uleb128 0x3
 1698 0115 0E       		.uleb128 0xe
 1699 0116 3A       		.uleb128 0x3a
 1700 0117 21       		.uleb128 0x21
 1701 0118 06       		.sleb128 6
 1702 0119 3B       		.uleb128 0x3b
 1703 011a 05       		.uleb128 0x5
 1704 011b 39       		.uleb128 0x39
 1705 011c 21       		.uleb128 0x21
 1706 011d 03       		.sleb128 3
ARM GAS  /tmp/cc2UzfIc.s 			page 31


 1707 011e 49       		.uleb128 0x49
 1708 011f 13       		.uleb128 0x13
 1709 0120 00       		.byte	0
 1710 0121 00       		.byte	0
 1711 0122 17       		.uleb128 0x17
 1712 0123 0B       		.uleb128 0xb
 1713 0124 01       		.byte	0x1
 1714 0125 55       		.uleb128 0x55
 1715 0126 17       		.uleb128 0x17
 1716 0127 01       		.uleb128 0x1
 1717 0128 13       		.uleb128 0x13
 1718 0129 00       		.byte	0
 1719 012a 00       		.byte	0
 1720 012b 18       		.uleb128 0x18
 1721 012c 05       		.uleb128 0x5
 1722 012d 00       		.byte	0
 1723 012e 03       		.uleb128 0x3
 1724 012f 08       		.uleb128 0x8
 1725 0130 3A       		.uleb128 0x3a
 1726 0131 21       		.uleb128 0x21
 1727 0132 0E       		.sleb128 14
 1728 0133 3B       		.uleb128 0x3b
 1729 0134 0B       		.uleb128 0xb
 1730 0135 39       		.uleb128 0x39
 1731 0136 0B       		.uleb128 0xb
 1732 0137 49       		.uleb128 0x49
 1733 0138 13       		.uleb128 0x13
 1734 0139 00       		.byte	0
 1735 013a 00       		.byte	0
 1736 013b 19       		.uleb128 0x19
 1737 013c 11       		.uleb128 0x11
 1738 013d 01       		.byte	0x1
 1739 013e 25       		.uleb128 0x25
 1740 013f 0E       		.uleb128 0xe
 1741 0140 13       		.uleb128 0x13
 1742 0141 0B       		.uleb128 0xb
 1743 0142 03       		.uleb128 0x3
 1744 0143 0E       		.uleb128 0xe
 1745 0144 1B       		.uleb128 0x1b
 1746 0145 0E       		.uleb128 0xe
 1747 0146 55       		.uleb128 0x55
 1748 0147 17       		.uleb128 0x17
 1749 0148 11       		.uleb128 0x11
 1750 0149 01       		.uleb128 0x1
 1751 014a 10       		.uleb128 0x10
 1752 014b 17       		.uleb128 0x17
 1753 014c 00       		.byte	0
 1754 014d 00       		.byte	0
 1755 014e 1A       		.uleb128 0x1a
 1756 014f 24       		.uleb128 0x24
 1757 0150 00       		.byte	0
 1758 0151 0B       		.uleb128 0xb
 1759 0152 0B       		.uleb128 0xb
 1760 0153 3E       		.uleb128 0x3e
 1761 0154 0B       		.uleb128 0xb
 1762 0155 03       		.uleb128 0x3
 1763 0156 08       		.uleb128 0x8
ARM GAS  /tmp/cc2UzfIc.s 			page 32


 1764 0157 00       		.byte	0
 1765 0158 00       		.byte	0
 1766 0159 1B       		.uleb128 0x1b
 1767 015a 0F       		.uleb128 0xf
 1768 015b 00       		.byte	0
 1769 015c 0B       		.uleb128 0xb
 1770 015d 0B       		.uleb128 0xb
 1771 015e 00       		.byte	0
 1772 015f 00       		.byte	0
 1773 0160 1C       		.uleb128 0x1c
 1774 0161 15       		.uleb128 0x15
 1775 0162 01       		.byte	0x1
 1776 0163 27       		.uleb128 0x27
 1777 0164 19       		.uleb128 0x19
 1778 0165 01       		.uleb128 0x1
 1779 0166 13       		.uleb128 0x13
 1780 0167 00       		.byte	0
 1781 0168 00       		.byte	0
 1782 0169 1D       		.uleb128 0x1d
 1783 016a 34       		.uleb128 0x34
 1784 016b 00       		.byte	0
 1785 016c 03       		.uleb128 0x3
 1786 016d 08       		.uleb128 0x8
 1787 016e 3A       		.uleb128 0x3a
 1788 016f 0B       		.uleb128 0xb
 1789 0170 3B       		.uleb128 0x3b
 1790 0171 05       		.uleb128 0x5
 1791 0172 39       		.uleb128 0x39
 1792 0173 0B       		.uleb128 0xb
 1793 0174 49       		.uleb128 0x49
 1794 0175 13       		.uleb128 0x13
 1795 0176 3F       		.uleb128 0x3f
 1796 0177 19       		.uleb128 0x19
 1797 0178 3C       		.uleb128 0x3c
 1798 0179 19       		.uleb128 0x19
 1799 017a 00       		.byte	0
 1800 017b 00       		.byte	0
 1801 017c 1E       		.uleb128 0x1e
 1802 017d 2E       		.uleb128 0x2e
 1803 017e 01       		.byte	0x1
 1804 017f 3F       		.uleb128 0x3f
 1805 0180 19       		.uleb128 0x19
 1806 0181 03       		.uleb128 0x3
 1807 0182 0E       		.uleb128 0xe
 1808 0183 3A       		.uleb128 0x3a
 1809 0184 0B       		.uleb128 0xb
 1810 0185 3B       		.uleb128 0x3b
 1811 0186 0B       		.uleb128 0xb
 1812 0187 39       		.uleb128 0x39
 1813 0188 0B       		.uleb128 0xb
 1814 0189 27       		.uleb128 0x27
 1815 018a 19       		.uleb128 0x19
 1816 018b 3C       		.uleb128 0x3c
 1817 018c 19       		.uleb128 0x19
 1818 018d 01       		.uleb128 0x1
 1819 018e 13       		.uleb128 0x13
 1820 018f 00       		.byte	0
ARM GAS  /tmp/cc2UzfIc.s 			page 33


 1821 0190 00       		.byte	0
 1822 0191 1F       		.uleb128 0x1f
 1823 0192 2E       		.uleb128 0x2e
 1824 0193 01       		.byte	0x1
 1825 0194 3F       		.uleb128 0x3f
 1826 0195 19       		.uleb128 0x19
 1827 0196 03       		.uleb128 0x3
 1828 0197 0E       		.uleb128 0xe
 1829 0198 3A       		.uleb128 0x3a
 1830 0199 0B       		.uleb128 0xb
 1831 019a 3B       		.uleb128 0x3b
 1832 019b 0B       		.uleb128 0xb
 1833 019c 39       		.uleb128 0x39
 1834 019d 0B       		.uleb128 0xb
 1835 019e 27       		.uleb128 0x27
 1836 019f 19       		.uleb128 0x19
 1837 01a0 11       		.uleb128 0x11
 1838 01a1 01       		.uleb128 0x1
 1839 01a2 12       		.uleb128 0x12
 1840 01a3 06       		.uleb128 0x6
 1841 01a4 40       		.uleb128 0x40
 1842 01a5 18       		.uleb128 0x18
 1843 01a6 7A       		.uleb128 0x7a
 1844 01a7 19       		.uleb128 0x19
 1845 01a8 01       		.uleb128 0x1
 1846 01a9 13       		.uleb128 0x13
 1847 01aa 00       		.byte	0
 1848 01ab 00       		.byte	0
 1849 01ac 20       		.uleb128 0x20
 1850 01ad 05       		.uleb128 0x5
 1851 01ae 00       		.byte	0
 1852 01af 03       		.uleb128 0x3
 1853 01b0 0E       		.uleb128 0xe
 1854 01b1 3A       		.uleb128 0x3a
 1855 01b2 0B       		.uleb128 0xb
 1856 01b3 3B       		.uleb128 0x3b
 1857 01b4 0B       		.uleb128 0xb
 1858 01b5 39       		.uleb128 0x39
 1859 01b6 0B       		.uleb128 0xb
 1860 01b7 49       		.uleb128 0x49
 1861 01b8 13       		.uleb128 0x13
 1862 01b9 02       		.uleb128 0x2
 1863 01ba 17       		.uleb128 0x17
 1864 01bb B742     		.uleb128 0x2137
 1865 01bd 17       		.uleb128 0x17
 1866 01be 00       		.byte	0
 1867 01bf 00       		.byte	0
 1868 01c0 21       		.uleb128 0x21
 1869 01c1 34       		.uleb128 0x34
 1870 01c2 00       		.byte	0
 1871 01c3 03       		.uleb128 0x3
 1872 01c4 08       		.uleb128 0x8
 1873 01c5 3A       		.uleb128 0x3a
 1874 01c6 0B       		.uleb128 0xb
 1875 01c7 3B       		.uleb128 0x3b
 1876 01c8 0B       		.uleb128 0xb
 1877 01c9 39       		.uleb128 0x39
ARM GAS  /tmp/cc2UzfIc.s 			page 34


 1878 01ca 0B       		.uleb128 0xb
 1879 01cb 49       		.uleb128 0x49
 1880 01cc 13       		.uleb128 0x13
 1881 01cd 00       		.byte	0
 1882 01ce 00       		.byte	0
 1883 01cf 22       		.uleb128 0x22
 1884 01d0 34       		.uleb128 0x34
 1885 01d1 00       		.byte	0
 1886 01d2 03       		.uleb128 0x3
 1887 01d3 0E       		.uleb128 0xe
 1888 01d4 49       		.uleb128 0x49
 1889 01d5 13       		.uleb128 0x13
 1890 01d6 34       		.uleb128 0x34
 1891 01d7 19       		.uleb128 0x19
 1892 01d8 02       		.uleb128 0x2
 1893 01d9 18       		.uleb128 0x18
 1894 01da 00       		.byte	0
 1895 01db 00       		.byte	0
 1896 01dc 23       		.uleb128 0x23
 1897 01dd 0B       		.uleb128 0xb
 1898 01de 01       		.byte	0x1
 1899 01df 11       		.uleb128 0x11
 1900 01e0 01       		.uleb128 0x1
 1901 01e1 12       		.uleb128 0x12
 1902 01e2 06       		.uleb128 0x6
 1903 01e3 00       		.byte	0
 1904 01e4 00       		.byte	0
 1905 01e5 24       		.uleb128 0x24
 1906 01e6 2E       		.uleb128 0x2e
 1907 01e7 01       		.byte	0x1
 1908 01e8 03       		.uleb128 0x3
 1909 01e9 0E       		.uleb128 0xe
 1910 01ea 3A       		.uleb128 0x3a
 1911 01eb 0B       		.uleb128 0xb
 1912 01ec 3B       		.uleb128 0x3b
 1913 01ed 0B       		.uleb128 0xb
 1914 01ee 39       		.uleb128 0x39
 1915 01ef 0B       		.uleb128 0xb
 1916 01f0 27       		.uleb128 0x27
 1917 01f1 19       		.uleb128 0x19
 1918 01f2 20       		.uleb128 0x20
 1919 01f3 0B       		.uleb128 0xb
 1920 01f4 01       		.uleb128 0x1
 1921 01f5 13       		.uleb128 0x13
 1922 01f6 00       		.byte	0
 1923 01f7 00       		.byte	0
 1924 01f8 25       		.uleb128 0x25
 1925 01f9 34       		.uleb128 0x34
 1926 01fa 00       		.byte	0
 1927 01fb 03       		.uleb128 0x3
 1928 01fc 0E       		.uleb128 0xe
 1929 01fd 49       		.uleb128 0x49
 1930 01fe 13       		.uleb128 0x13
 1931 01ff 34       		.uleb128 0x34
 1932 0200 19       		.uleb128 0x19
 1933 0201 1C       		.uleb128 0x1c
 1934 0202 0E       		.uleb128 0xe
ARM GAS  /tmp/cc2UzfIc.s 			page 35


 1935 0203 00       		.byte	0
 1936 0204 00       		.byte	0
 1937 0205 26       		.uleb128 0x26
 1938 0206 26       		.uleb128 0x26
 1939 0207 00       		.byte	0
 1940 0208 00       		.byte	0
 1941 0209 00       		.byte	0
 1942 020a 00       		.byte	0
 1943              		.section	.debug_loclists,"",%progbits
 1944 0000 C3000000 		.4byte	.Ldebug_loc3-.Ldebug_loc2
 1945              	.Ldebug_loc2:
 1946 0004 0500     		.2byte	0x5
 1947 0006 04       		.byte	0x4
 1948 0007 00       		.byte	0
 1949 0008 00000000 		.4byte	0
 1950              	.Ldebug_loc0:
 1951              	.LVUS0:
 1952 000c 00       		.uleb128 0
 1953 000d 00       		.uleb128 .LVU9
 1954 000e 00       		.uleb128 .LVU9
 1955 000f 00       		.uleb128 0
 1956              	.LLST0:
 1957 0010 06       		.byte	0x6
 1958 0011 00000000 		.4byte	.LVL0
 1959 0015 04       		.byte	0x4
 1960 0016 00       		.uleb128 .LVL0-.LVL0
 1961 0017 1C       		.uleb128 .LVL1-.LVL0
 1962 0018 01       		.uleb128 0x1
 1963 0019 50       		.byte	0x50
 1964 001a 04       		.byte	0x4
 1965 001b 1C       		.uleb128 .LVL1-.LVL0
 1966 001c D401     		.uleb128 .LFE207-.LVL0
 1967 001e 01       		.uleb128 0x1
 1968 001f 56       		.byte	0x56
 1969 0020 00       		.byte	0
 1970              	.LVUS2:
 1971 0021 00       		.uleb128 .LVU9
 1972 0022 00       		.uleb128 .LVU13
 1973 0023 00       		.uleb128 .LVU13
 1974 0024 00       		.uleb128 .LVU17
 1975 0025 03       		.uleb128 .LVU20
 1976 0026 00       		.uleb128 .LVU22
 1977 0027 00       		.uleb128 .LVU67
 1978 0028 00       		.uleb128 .LVU70
 1979              	.LLST2:
 1980 0029 06       		.byte	0x6
 1981 002a 1C000000 		.4byte	.LVL1
 1982 002e 04       		.byte	0x4
 1983 002f 00       		.uleb128 .LVL1-.LVL1
 1984 0030 08       		.uleb128 .LVL2-.LVL1
 1985 0031 01       		.uleb128 0x1
 1986 0032 54       		.byte	0x54
 1987 0033 04       		.byte	0x4
 1988 0034 08       		.uleb128 .LVL2-.LVL1
 1989 0035 14       		.uleb128 .LVL3-.LVL1
 1990 0036 01       		.uleb128 0x1
 1991 0037 53       		.byte	0x53
ARM GAS  /tmp/cc2UzfIc.s 			page 36


 1992 0038 04       		.byte	0x4
 1993 0039 14       		.uleb128 .LVL3-.LVL1
 1994 003a 1C       		.uleb128 .LVL4-.LVL1
 1995 003b 01       		.uleb128 0x1
 1996 003c 54       		.byte	0x54
 1997 003d 04       		.byte	0x4
 1998 003e A001     		.uleb128 .LVL15-.LVL1
 1999 0040 AB01     		.uleb128 .LVL16-1-.LVL1
 2000 0042 01       		.uleb128 0x1
 2001 0043 53       		.byte	0x53
 2002 0044 00       		.byte	0
 2003              	.LVUS4:
 2004 0045 00       		.uleb128 .LVU13
 2005 0046 00       		.uleb128 .LVU22
 2006 0047 00       		.uleb128 .LVU67
 2007 0048 00       		.uleb128 0
 2008              	.LLST4:
 2009 0049 06       		.byte	0x6
 2010 004a 24000000 		.4byte	.LVL2
 2011 004e 04       		.byte	0x4
 2012 004f 00       		.uleb128 .LVL2-.LVL2
 2013 0050 14       		.uleb128 .LVL4-.LVL2
 2014 0051 01       		.uleb128 0x1
 2015 0052 54       		.byte	0x54
 2016 0053 04       		.byte	0x4
 2017 0054 9801     		.uleb128 .LVL15-.LVL2
 2018 0056 B001     		.uleb128 .LFE207-.LVL2
 2019 0058 01       		.uleb128 0x1
 2020 0059 54       		.byte	0x54
 2021 005a 00       		.byte	0
 2022              	.LVUS6:
 2023 005b 00       		.uleb128 .LVU26
 2024 005c 00       		.uleb128 .LVU30
 2025 005d 00       		.uleb128 .LVU30
 2026 005e 00       		.uleb128 .LVU34
 2027 005f 03       		.uleb128 .LVU37
 2028 0060 00       		.uleb128 .LVU39
 2029 0061 00       		.uleb128 .LVU63
 2030 0062 00       		.uleb128 .LVU66
 2031              	.LLST6:
 2032 0063 06       		.byte	0x6
 2033 0064 48000000 		.4byte	.LVL5
 2034 0068 04       		.byte	0x4
 2035 0069 00       		.uleb128 .LVL5-.LVL5
 2036 006a 08       		.uleb128 .LVL6-.LVL5
 2037 006b 01       		.uleb128 0x1
 2038 006c 54       		.byte	0x54
 2039 006d 04       		.byte	0x4
 2040 006e 08       		.uleb128 .LVL6-.LVL5
 2041 006f 14       		.uleb128 .LVL7-.LVL5
 2042 0070 01       		.uleb128 0x1
 2043 0071 53       		.byte	0x53
 2044 0072 04       		.byte	0x4
 2045 0073 14       		.uleb128 .LVL7-.LVL5
 2046 0074 1C       		.uleb128 .LVL8-.LVL5
 2047 0075 01       		.uleb128 0x1
 2048 0076 54       		.byte	0x54
ARM GAS  /tmp/cc2UzfIc.s 			page 37


 2049 0077 04       		.byte	0x4
 2050 0078 64       		.uleb128 .LVL13-.LVL5
 2051 0079 6F       		.uleb128 .LVL14-1-.LVL5
 2052 007a 01       		.uleb128 0x1
 2053 007b 53       		.byte	0x53
 2054 007c 00       		.byte	0
 2055              	.LVUS8:
 2056 007d 00       		.uleb128 .LVU30
 2057 007e 00       		.uleb128 .LVU39
 2058 007f 00       		.uleb128 .LVU63
 2059 0080 00       		.uleb128 .LVU67
 2060              	.LLST8:
 2061 0081 06       		.byte	0x6
 2062 0082 50000000 		.4byte	.LVL6
 2063 0086 04       		.byte	0x4
 2064 0087 00       		.uleb128 .LVL6-.LVL6
 2065 0088 14       		.uleb128 .LVL8-.LVL6
 2066 0089 01       		.uleb128 0x1
 2067 008a 54       		.byte	0x54
 2068 008b 04       		.byte	0x4
 2069 008c 5C       		.uleb128 .LVL13-.LVL6
 2070 008d 6C       		.uleb128 .LVL15-.LVL6
 2071 008e 01       		.uleb128 0x1
 2072 008f 54       		.byte	0x54
 2073 0090 00       		.byte	0
 2074              	.LVUS9:
 2075 0091 00       		.uleb128 .LVU43
 2076 0092 03       		.uleb128 .LVU46
 2077 0093 03       		.uleb128 .LVU46
 2078 0094 00       		.uleb128 .LVU52
 2079 0095 00       		.uleb128 .LVU52
 2080 0096 00       		.uleb128 .LVU58
 2081 0097 03       		.uleb128 .LVU61
 2082 0098 00       		.uleb128 .LVU63
 2083              	.LLST9:
 2084 0099 06       		.byte	0x6
 2085 009a 78000000 		.4byte	.LVL9
 2086 009e 04       		.byte	0x4
 2087 009f 00       		.uleb128 .LVL9-.LVL9
 2088 00a0 00       		.uleb128 .LVL9-.LVL9
 2089 00a1 01       		.uleb128 0x1
 2090 00a2 53       		.byte	0x53
 2091 00a3 04       		.byte	0x4
 2092 00a4 00       		.uleb128 .LVL9-.LVL9
 2093 00a5 10       		.uleb128 .LVL11-.LVL9
 2094 00a6 01       		.uleb128 0x1
 2095 00a7 54       		.byte	0x54
 2096 00a8 04       		.byte	0x4
 2097 00a9 10       		.uleb128 .LVL11-.LVL9
 2098 00aa 27       		.uleb128 .LVL12-1-.LVL9
 2099 00ab 01       		.uleb128 0x1
 2100 00ac 53       		.byte	0x53
 2101 00ad 04       		.byte	0x4
 2102 00ae 28       		.uleb128 .LVL12-.LVL9
 2103 00af 34       		.uleb128 .LVL13-.LVL9
 2104 00b0 01       		.uleb128 0x1
 2105 00b1 54       		.byte	0x54
ARM GAS  /tmp/cc2UzfIc.s 			page 38


 2106 00b2 00       		.byte	0
 2107              	.LVUS11:
 2108 00b3 00       		.uleb128 .LVU43
 2109 00b4 00       		.uleb128 .LVU48
 2110 00b5 00       		.uleb128 .LVU52
 2111 00b6 00       		.uleb128 .LVU63
 2112              	.LLST11:
 2113 00b7 06       		.byte	0x6
 2114 00b8 78000000 		.4byte	.LVL9
 2115 00bc 04       		.byte	0x4
 2116 00bd 00       		.uleb128 .LVL9-.LVL9
 2117 00be 08       		.uleb128 .LVL10-.LVL9
 2118 00bf 01       		.uleb128 0x1
 2119 00c0 54       		.byte	0x54
 2120 00c1 04       		.byte	0x4
 2121 00c2 10       		.uleb128 .LVL11-.LVL9
 2122 00c3 34       		.uleb128 .LVL13-.LVL9
 2123 00c4 01       		.uleb128 0x1
 2124 00c5 54       		.byte	0x54
 2125 00c6 00       		.byte	0
 2126              	.Ldebug_loc3:
 2127              		.section	.debug_aranges,"",%progbits
 2128 0000 1C000000 		.4byte	0x1c
 2129 0004 0200     		.2byte	0x2
 2130 0006 00000000 		.4byte	.Ldebug_info0
 2131 000a 04       		.byte	0x4
 2132 000b 00       		.byte	0
 2133 000c 0000     		.2byte	0
 2134 000e 0000     		.2byte	0
 2135 0010 00000000 		.4byte	.LFB207
 2136 0014 D4000000 		.4byte	.LFE207-.LFB207
 2137 0018 00000000 		.4byte	0
 2138 001c 00000000 		.4byte	0
 2139              		.section	.debug_rnglists,"",%progbits
 2140              	.Ldebug_ranges0:
 2141 0000 50000000 		.4byte	.Ldebug_ranges3-.Ldebug_ranges2
 2142              	.Ldebug_ranges2:
 2143 0004 0500     		.2byte	0x5
 2144 0006 04       		.byte	0x4
 2145 0007 00       		.byte	0
 2146 0008 00000000 		.4byte	0
 2147              	.LLRL1:
 2148 000c 05       		.byte	0x5
 2149 000d 10000000 		.4byte	.LBB14
 2150 0011 04       		.byte	0x4
 2151 0012 00       		.uleb128 .LBB14-.LBB14
 2152 0013 28       		.uleb128 .LBE14-.LBB14
 2153 0014 04       		.byte	0x4
 2154 0015 AC01     		.uleb128 .LBB24-.LBB14
 2155 0017 C401     		.uleb128 .LBE24-.LBB14
 2156 0019 00       		.byte	0
 2157              	.LLRL3:
 2158 001a 05       		.byte	0x5
 2159 001b 1C000000 		.4byte	.LBB15
 2160 001f 04       		.byte	0x4
 2161 0020 00       		.uleb128 .LBB15-.LBB15
 2162 0021 14       		.uleb128 .LBE15-.LBB15
ARM GAS  /tmp/cc2UzfIc.s 			page 39


 2163 0022 04       		.byte	0x4
 2164 0023 A001     		.uleb128 .LBB16-.LBB15
 2165 0025 B801     		.uleb128 .LBE16-.LBB15
 2166 0027 00       		.byte	0
 2167              	.LLRL5:
 2168 0028 05       		.byte	0x5
 2169 0029 40000000 		.4byte	.LBB17
 2170 002d 04       		.byte	0x4
 2171 002e 00       		.uleb128 .LBB17-.LBB17
 2172 002f 24       		.uleb128 .LBE17-.LBB17
 2173 0030 04       		.byte	0x4
 2174 0031 6C       		.uleb128 .LBB23-.LBB17
 2175 0032 7C       		.uleb128 .LBE23-.LBB17
 2176 0033 00       		.byte	0
 2177              	.LLRL7:
 2178 0034 05       		.byte	0x5
 2179 0035 48000000 		.4byte	.LBB18
 2180 0039 04       		.byte	0x4
 2181 003a 00       		.uleb128 .LBB18-.LBB18
 2182 003b 14       		.uleb128 .LBE18-.LBB18
 2183 003c 04       		.byte	0x4
 2184 003d 64       		.uleb128 .LBB19-.LBB18
 2185 003e 74       		.uleb128 .LBE19-.LBB18
 2186 003f 00       		.byte	0
 2187              	.LLRL10:
 2188 0040 05       		.byte	0x5
 2189 0041 78000000 		.4byte	.LBB21
 2190 0045 04       		.byte	0x4
 2191 0046 00       		.uleb128 .LBB21-.LBB21
 2192 0047 00       		.uleb128 .LBE21-.LBB21
 2193 0048 04       		.byte	0x4
 2194 0049 08       		.uleb128 .LBB22-.LBB21
 2195 004a 28       		.uleb128 .LBE22-.LBB21
 2196 004b 00       		.byte	0
 2197              	.LLRL12:
 2198 004c 07       		.byte	0x7
 2199 004d 00000000 		.4byte	.LFB207
 2200 0051 D401     		.uleb128 .LFE207-.LFB207
 2201 0053 00       		.byte	0
 2202              	.Ldebug_ranges3:
 2203              		.section	.debug_line,"",%progbits
 2204              	.Ldebug_line0:
 2205 0000 62030000 		.section	.debug_str,"MS",%progbits,1
 2205      03005102 
 2205      00000201 
 2205      FB0E0D00 
 2205      01010101 
 2206              	.LASF108:
 2207 0000 63737461 		.ascii	"cstack_base\000"
 2207      636B5F62 
 2207      61736500 
 2208              	.LASF100:
 2209 000c 77746D74 		.ascii	"wtmtxp\000"
 2209      787000
 2210              	.LASF39:
 2211 0013 64697370 		.ascii	"dispose\000"
 2211      6F736500 
ARM GAS  /tmp/cc2UzfIc.s 			page 40


 2212              	.LASF20:
 2213 001b 706F7274 		.ascii	"port_stkline_t\000"
 2213      5F73746B 
 2213      6C696E65 
 2213      5F7400
 2214              	.LASF88:
 2215 002a 63685F72 		.ascii	"ch_registry\000"
 2215      65676973 
 2215      74727900 
 2216              	.LASF35:
 2217 0036 666C6167 		.ascii	"flags\000"
 2217      7300
 2218              	.LASF66:
 2219 003c 73797374 		.ascii	"systime_t\000"
 2219      696D655F 
 2219      7400
 2220              	.LASF121:
 2221 0046 74657374 		.ascii	"testmask\000"
 2221      6D61736B 
 2221      00
 2222              	.LASF46:
 2223 004f 7265616C 		.ascii	"realprio\000"
 2223      7072696F 
 2223      00
 2224              	.LASF44:
 2225 0058 6570656E 		.ascii	"epending\000"
 2225      64696E67 
 2225      00
 2226              	.LASF0:
 2227 0061 756E7369 		.ascii	"unsigned int\000"
 2227      676E6564 
 2227      20696E74 
 2227      00
 2228              	.LASF73:
 2229 006e 6E657874 		.ascii	"next\000"
 2229      00
 2230              	.LASF53:
 2231 0073 636F7265 		.ascii	"core_id\000"
 2231      5F696400 
 2232              	.LASF8:
 2233 007b 5F5F696E 		.ascii	"__int32_t\000"
 2233      7433325F 
 2233      7400
 2234              	.LASF36:
 2235 0085 72656673 		.ascii	"refs\000"
 2235      00
 2236              	.LASF97:
 2237 008a 77746F62 		.ascii	"wtobjp\000"
 2237      6A7000
 2238              	.LASF51:
 2239 0091 76746C69 		.ascii	"vtlist\000"
 2239      737400
 2240              	.LASF70:
 2241 0098 706F7274 		.ascii	"port_context\000"
 2241      5F636F6E 
 2241      74657874 
 2241      00
ARM GAS  /tmp/cc2UzfIc.s 			page 41


 2242              	.LASF104:
 2243 00a5 63685F72 		.ascii	"ch_ready_list\000"
 2243      65616479 
 2243      5F6C6973 
 2243      7400
 2244              	.LASF86:
 2245 00b3 6C617374 		.ascii	"laststamp\000"
 2245      7374616D 
 2245      7000
 2246              	.LASF101:
 2247 00bd 65776D61 		.ascii	"ewmask\000"
 2247      736B00
 2248              	.LASF76:
 2249 00c4 70726576 		.ascii	"prev\000"
 2249      00
 2250              	.LASF72:
 2251 00c9 63685F6C 		.ascii	"ch_list\000"
 2251      69737400 
 2252              	.LASF62:
 2253 00d1 63685F73 		.ascii	"ch_system_debug\000"
 2253      79737465 
 2253      6D5F6465 
 2253      62756700 
 2254              	.LASF93:
 2255 00e1 6C697374 		.ascii	"list\000"
 2255      00
 2256              	.LASF81:
 2257 00e6 63685F64 		.ascii	"ch_delta_list\000"
 2257      656C7461 
 2257      5F6C6973 
 2257      7400
 2258              	.LASF17:
 2259 00f4 75696E74 		.ascii	"uint32_t\000"
 2259      33325F74 
 2259      00
 2260              	.LASF43:
 2261 00fd 73656E74 		.ascii	"sentmsg\000"
 2261      6D736700 
 2262              	.LASF27:
 2263 0105 6576656E 		.ascii	"eventmask_t\000"
 2263      746D6173 
 2263      6B5F7400 
 2264              	.LASF117:
 2265 0111 2E2E2F2E 		.ascii	"../../../os/rt/src/chsafety.c\000"
 2265      2E2F2E2E 
 2265      2F6F732F 
 2265      72742F73 
 2265      72632F63 
 2266              	.LASF102:
 2267 012f 63685F73 		.ascii	"ch_semaphore\000"
 2267      656D6170 
 2267      686F7265 
 2267      00
 2268              	.LASF25:
 2269 013c 74707269 		.ascii	"tprio_t\000"
 2269      6F5F7400 
 2270              	.LASF112:
ARM GAS  /tmp/cc2UzfIc.s 			page 42


 2271 0144 6F735F69 		.ascii	"os_instance_config_t\000"
 2271      6E737461 
 2271      6E63655F 
 2271      636F6E66 
 2271      69675F74 
 2272              	.LASF69:
 2273 0159 66707363 		.ascii	"fpscr\000"
 2273      7200
 2274              	.LASF13:
 2275 015f 6C6F6E67 		.ascii	"long long unsigned int\000"
 2275      206C6F6E 
 2275      6720756E 
 2275      7369676E 
 2275      65642069 
 2276              	.LASF94:
 2277 0176 70717565 		.ascii	"pqueue\000"
 2277      756500
 2278              	.LASF28:
 2279 017d 636E745F 		.ascii	"cnt_t\000"
 2279      7400
 2280              	.LASF21:
 2281 0183 73746B6C 		.ascii	"stkline_t\000"
 2281      696E655F 
 2281      7400
 2282              	.LASF31:
 2283 018d 6F776E65 		.ascii	"owner\000"
 2283      7200
 2284              	.LASF45:
 2285 0193 6D74786C 		.ascii	"mtxlist\000"
 2285      69737400 
 2286              	.LASF83:
 2287 019b 63685F76 		.ascii	"ch_virtual_timers_list\000"
 2287      69727475 
 2287      616C5F74 
 2287      696D6572 
 2287      735F6C69 
 2288              	.LASF54:
 2289 01b2 72666375 		.ascii	"rfcu\000"
 2289      00
 2290              	.LASF30:
 2291 01b7 74687265 		.ascii	"thread_t\000"
 2291      61645F74 
 2291      00
 2292              	.LASF95:
 2293 01c0 7264796D 		.ascii	"rdymsg\000"
 2293      736700
 2294              	.LASF77:
 2295 01c7 63685F70 		.ascii	"ch_priority_queue_t\000"
 2295      72696F72 
 2295      6974795F 
 2295      71756575 
 2295      655F7400 
 2296              	.LASF114:
 2297 01db 5F426F6F 		.ascii	"_Bool\000"
 2297      6C00
 2298              	.LASF40:
 2299 01e1 6F626A65 		.ascii	"object\000"
ARM GAS  /tmp/cc2UzfIc.s 			page 43


 2299      637400
 2300              	.LASF59:
 2301 01e8 63685F72 		.ascii	"ch_rfcu\000"
 2301      66637500 
 2302              	.LASF103:
 2303 01f0 63685F6D 		.ascii	"ch_mutex\000"
 2303      75746578 
 2303      00
 2304              	.LASF12:
 2305 01f9 5F5F7569 		.ascii	"__uint64_t\000"
 2305      6E743634 
 2305      5F7400
 2306              	.LASF49:
 2307 0204 63685F6F 		.ascii	"ch_os_instance\000"
 2307      735F696E 
 2307      7374616E 
 2307      636500
 2308              	.LASF79:
 2309 0213 7072696F 		.ascii	"prio\000"
 2309      00
 2310              	.LASF64:
 2311 0218 63686172 		.ascii	"char\000"
 2311      00
 2312              	.LASF80:
 2313 021d 63685F64 		.ascii	"ch_delta_list_t\000"
 2313      656C7461 
 2313      5F6C6973 
 2313      745F7400 
 2314              	.LASF58:
 2315 022d 72666375 		.ascii	"rfcu_mask_t\000"
 2315      5F6D6173 
 2315      6B5F7400 
 2316              	.LASF91:
 2317 0239 74687265 		.ascii	"thread_reference_t\000"
 2317      61645F72 
 2317      65666572 
 2317      656E6365 
 2317      5F7400
 2318              	.LASF32:
 2319 024c 77616261 		.ascii	"wabase\000"
 2319      736500
 2320              	.LASF23:
 2321 0253 74737461 		.ascii	"tstate_t\000"
 2321      74655F74 
 2321      00
 2322              	.LASF38:
 2323 025c 72717565 		.ascii	"rqueue\000"
 2323      756500
 2324              	.LASF15:
 2325 0263 75696E74 		.ascii	"uint8_t\000"
 2325      385F7400 
 2326              	.LASF42:
 2327 026b 6D736771 		.ascii	"msgqueue\000"
 2327      75657565 
 2327      00
 2328              	.LASF48:
 2329 0274 63685F74 		.ascii	"ch_thread\000"
ARM GAS  /tmp/cc2UzfIc.s 			page 44


 2329      68726561 
 2329      6400
 2330              	.LASF120:
 2331 027e 63685366 		.ascii	"chSftIntegrityCheckI\000"
 2331      74496E74 
 2331      65677269 
 2331      74794368 
 2331      65636B49 
 2332              	.LASF65:
 2333 0293 73797374 		.ascii	"system_debug_t\000"
 2333      656D5F64 
 2333      65627567 
 2333      5F7400
 2334              	.LASF1:
 2335 02a2 6C6F6E67 		.ascii	"long long int\000"
 2335      206C6F6E 
 2335      6720696E 
 2335      7400
 2336              	.LASF26:
 2337 02b0 6D73675F 		.ascii	"msg_t\000"
 2337      7400
 2338              	.LASF90:
 2339 02b6 72656769 		.ascii	"registry_t\000"
 2339      73747279 
 2339      5F7400
 2340              	.LASF111:
 2341 02c1 69646C65 		.ascii	"idlestack_end\000"
 2341      73746163 
 2341      6B5F656E 
 2341      6400
 2342              	.LASF60:
 2343 02cf 6D61736B 		.ascii	"mask\000"
 2343      00
 2344              	.LASF92:
 2345 02d4 74687265 		.ascii	"thread_dispose_t\000"
 2345      61645F64 
 2345      6973706F 
 2345      73655F74 
 2345      00
 2346              	.LASF67:
 2347 02e5 73797369 		.ascii	"sysinterval_t\000"
 2347      6E746572 
 2347      76616C5F 
 2347      7400
 2348              	.LASF74:
 2349 02f3 63685F71 		.ascii	"ch_queue_t\000"
 2349      75657565 
 2349      5F7400
 2350              	.LASF63:
 2351 02fe 70616E69 		.ascii	"panic_msg\000"
 2351      635F6D73 
 2351      6700
 2352              	.LASF110:
 2353 0308 69646C65 		.ascii	"idlestack_base\000"
 2353      73746163 
 2353      6B5F6261 
 2353      736500
ARM GAS  /tmp/cc2UzfIc.s 			page 45


 2354              	.LASF22:
 2355 0317 746D6F64 		.ascii	"tmode_t\000"
 2355      655F7400 
 2356              	.LASF85:
 2357 031f 73797374 		.ascii	"systime\000"
 2357      696D6500 
 2358              	.LASF56:
 2359 0327 69646C65 		.ascii	"idlethread\000"
 2359      74687265 
 2359      616400
 2360              	.LASF2:
 2361 0332 6C6F6E67 		.ascii	"long double\000"
 2361      20646F75 
 2361      626C6500 
 2362              	.LASF71:
 2363 033e 63685F6C 		.ascii	"ch_list_t\000"
 2363      6973745F 
 2363      7400
 2364              	.LASF14:
 2365 0348 5F5F7569 		.ascii	"__uintptr_t\000"
 2365      6E747074 
 2365      725F7400 
 2366              	.LASF55:
 2367 0354 636F6E66 		.ascii	"config\000"
 2367      696700
 2368              	.LASF5:
 2369 035b 73686F72 		.ascii	"short int\000"
 2369      7420696E 
 2369      7400
 2370              	.LASF9:
 2371 0365 6C6F6E67 		.ascii	"long int\000"
 2371      20696E74 
 2371      00
 2372              	.LASF68:
 2373 036e 706F7274 		.ascii	"port_intctx\000"
 2373      5F696E74 
 2373      63747800 
 2374              	.LASF116:
 2375 037a 474E5520 		.ascii	"GNU C17 13.3.1 20240614 -mcpu=cortex-r8 -mfloat-abi"
 2375      43313720 
 2375      31332E33 
 2375      2E312032 
 2375      30323430 
 2376 03ad 3D686172 		.ascii	"=hard -mfpu=vfpv3-d16 -mno-thumb-interwork -marm -m"
 2376      64202D6D 
 2376      6670753D 
 2376      76667076 
 2376      332D6431 
 2377 03e0 61726368 		.ascii	"arch=armv7-r+fp+idiv -ggdb -O2 -fomit-frame-pointer"
 2377      3D61726D 
 2377      76372D72 
 2377      2B66702B 
 2377      69646976 
 2378 0413 202D6661 		.ascii	" -falign-functions=16 -ffunction-sections -fdata-se"
 2378      6C69676E 
 2378      2D66756E 
 2378      6374696F 
ARM GAS  /tmp/cc2UzfIc.s 			page 46


 2378      6E733D31 
 2379 0446 6374696F 		.ascii	"ctions -fno-common\000"
 2379      6E73202D 
 2379      666E6F2D 
 2379      636F6D6D 
 2379      6F6E00
 2380              	.LASF33:
 2381 0459 7761656E 		.ascii	"waend\000"
 2381      6400
 2382              	.LASF109:
 2383 045f 63737461 		.ascii	"cstack_end\000"
 2383      636B5F65 
 2383      6E6400
 2384              	.LASF107:
 2385 046a 63685F6F 		.ascii	"ch_os_instance_config\000"
 2385      735F696E 
 2385      7374616E 
 2385      63655F63 
 2385      6F6E6669 
 2386              	.LASF84:
 2387 0480 646C6973 		.ascii	"dlist\000"
 2387      7400
 2388              	.LASF18:
 2389 0486 75696E74 		.ascii	"uint64_t\000"
 2389      36345F74 
 2389      00
 2390              	.LASF50:
 2391 048f 726C6973 		.ascii	"rlist\000"
 2391      7400
 2392              	.LASF7:
 2393 0495 5F5F7569 		.ascii	"__uint8_t\000"
 2393      6E74385F 
 2393      7400
 2394              	.LASF37:
 2395 049f 6E616D65 		.ascii	"name\000"
 2395      00
 2396              	.LASF19:
 2397 04a4 75696E74 		.ascii	"uintptr_t\000"
 2397      7074725F 
 2397      7400
 2398              	.LASF24:
 2399 04ae 74726566 		.ascii	"trefs_t\000"
 2399      735F7400 
 2400              	.LASF11:
 2401 04b6 6C6F6E67 		.ascii	"long unsigned int\000"
 2401      20756E73 
 2401      69676E65 
 2401      6420696E 
 2401      7400
 2402              	.LASF106:
 2403 04c8 72656164 		.ascii	"ready_list_t\000"
 2403      795F6C69 
 2403      73745F74 
 2403      00
 2404              	.LASF89:
 2405 04d5 71756575 		.ascii	"queue\000"
 2405      6500
ARM GAS  /tmp/cc2UzfIc.s 			page 47


 2406              	.LASF16:
 2407 04db 696E7433 		.ascii	"int32_t\000"
 2407      325F7400 
 2408              	.LASF61:
 2409 04e3 72666375 		.ascii	"rfcu_t\000"
 2409      5F7400
 2410              	.LASF99:
 2411 04ea 77747365 		.ascii	"wtsemp\000"
 2411      6D7000
 2412              	.LASF78:
 2413 04f1 63685F70 		.ascii	"ch_priority_queue\000"
 2413      72696F72 
 2413      6974795F 
 2413      71756575 
 2413      6500
 2414              	.LASF75:
 2415 0503 63685F71 		.ascii	"ch_queue\000"
 2415      75657565 
 2415      00
 2416              	.LASF113:
 2417 050c 6D757465 		.ascii	"mutex_t\000"
 2417      785F7400 
 2418              	.LASF4:
 2419 0514 756E7369 		.ascii	"unsigned char\000"
 2419      676E6564 
 2419      20636861 
 2419      7200
 2420              	.LASF10:
 2421 0522 5F5F7569 		.ascii	"__uint32_t\000"
 2421      6E743332 
 2421      5F7400
 2422              	.LASF41:
 2423 052d 77616974 		.ascii	"waiting\000"
 2423      696E6700 
 2424              	.LASF87:
 2425 0535 76697274 		.ascii	"virtual_timers_list_t\000"
 2425      75616C5F 
 2425      74696D65 
 2425      72735F6C 
 2425      6973745F 
 2426              	.LASF118:
 2427 054b 2F686F6D 		.ascii	"/home/emirhan/Documents/gemstone/chibiOS-port/Chibi"
 2427      652F656D 
 2427      69726861 
 2427      6E2F446F 
 2427      63756D65 
 2428 057e 4F532F64 		.ascii	"OS/demos/various/RT-ARMCR8-GENERIC\000"
 2428      656D6F73 
 2428      2F766172 
 2428      696F7573 
 2428      2F52542D 
 2429              	.LASF57:
 2430 05a1 6D61696E 		.ascii	"mainthread\000"
 2430      74687265 
 2430      616400
 2431              	.LASF34:
 2432 05ac 73746174 		.ascii	"state\000"
ARM GAS  /tmp/cc2UzfIc.s 			page 48


 2432      6500
 2433              	.LASF119:
 2434 05b2 63685379 		.ascii	"chSysHalt\000"
 2434      7348616C 
 2434      7400
 2435              	.LASF47:
 2436 05bc 6F735F69 		.ascii	"os_instance_t\000"
 2436      6E737461 
 2436      6E63655F 
 2436      7400
 2437              	.LASF52:
 2438 05ca 7265676C 		.ascii	"reglist\000"
 2438      69737400 
 2439              	.LASF98:
 2440 05d2 77747472 		.ascii	"wttrp\000"
 2440      7000
 2441              	.LASF3:
 2442 05d8 7369676E 		.ascii	"signed char\000"
 2442      65642063 
 2442      68617200 
 2443              	.LASF82:
 2444 05e4 64656C74 		.ascii	"delta\000"
 2444      6100
 2445              	.LASF122:
 2446 05ea 63685366 		.ascii	"chSftValidateDataPointerX\000"
 2446      7456616C 
 2446      69646174 
 2446      65446174 
 2446      61506F69 
 2447              	.LASF6:
 2448 0604 73686F72 		.ascii	"short unsigned int\000"
 2448      7420756E 
 2448      7369676E 
 2448      65642069 
 2448      6E7400
 2449              	.LASF105:
 2450 0617 63757272 		.ascii	"current\000"
 2450      656E7400 
 2451              	.LASF115:
 2452 061f 5F5F6675 		.ascii	"__func__\000"
 2452      6E635F5F 
 2452      00
 2453              	.LASF96:
 2454 0628 65786974 		.ascii	"exitcode\000"
 2454      636F6465 
 2454      00
 2455              	.LASF29:
 2456 0631 636F7265 		.ascii	"core_id_t\000"
 2456      5F69645F 
 2456      7400
 2457              		.ident	"GCC: (Arm GNU Toolchain 13.3.Rel1 (Build arm-13.24)) 13.3.1 20240614"
ARM GAS  /tmp/cc2UzfIc.s 			page 49


DEFINED SYMBOLS
                            *ABS*:00000000 chsafety.c
     /tmp/cc2UzfIc.s:21     .text.chSftIntegrityCheckI:00000000 $a
     /tmp/cc2UzfIc.s:27     .text.chSftIntegrityCheckI:00000000 chSftIntegrityCheckI
     /tmp/cc2UzfIc.s:220    .rodata.__func__.1:00000000 __func__.1
     /tmp/cc2UzfIc.s:209    .text.chSftIntegrityCheckI:000000cc $d
     /tmp/cc2UzfIc.s:217    .rodata.__func__.1:00000000 $d

UNDEFINED SYMBOLS
ch0
chSysHalt
